00:07.312  blend            | Read blend: "D:\FPT-ki7\PRU\Project_PRu\BLENDER\NhaQue_Tencent_01_ToiUu.blend"
D:\FPT-ki7\PRU\Project_PRu\KuTyChildhood\Tools\Scene3\repair_tencent_house.py:79: DeprecationWarning: 'Material.use_nodes' is expected to be removed in Blender 6.0
  lowmat=bpy.data.materials.new('Nha01_LOD'+str(i)+'_PBR');lowmat.use_nodes=True
Bake Nha01_LOD0 BaseColor 2048
Info: Baking map saved to internal image, save it externally or pack it
Bake Nha01_LOD0 Normal 2048
Info: Baking map saved to internal image, save it externally or pack it
Bake Nha01_LOD0 MetallicSmoothness 2048
Info: Baking map saved to internal image, save it externally or pack it
Bake Nha01_LOD1 BaseColor 1024
Info: Baking map saved to internal image, save it externally or pack it
Bake Nha01_LOD1 Normal 1024
Info: Baking map saved to internal image, save it externally or pack it
Bake Nha01_LOD1 MetallicSmoothness 1024
Info: Baking map saved to internal image, save it externally or pack it
Bake Nha01_LOD2 BaseColor 512
Info: Baking map saved to internal image, save it externally or pack it
Bake Nha01_LOD2 Normal 512
Info: Baking map saved to internal image, save it externally or pack it
Bake Nha01_LOD2 MetallicSmoothness 512
D:\FPT-ki7\PRU\Project_PRu\KuTyChildhood\Tools\Scene3\repair_tencent_house.py:141: DeprecationWarning: 'World.use_nodes' is expected to be removed in Blender 6.0
  scene.world=bpy.data.worlds.new('Preview');scene.world.use_nodes=True;scene.world.node_tree.nodes['Background'].inputs['Strength'].default_value=.8
01:27.156  render           | Saved: 'D:\FPT-ki7\PRU\Project_PRu\KuTyChildhood\Tools\Scene3\TencentHouse01\Repair\After_Wall_LOD0.png'
01:42.515  render           | Saved: 'D:\FPT-ki7\PRU\Project_PRu\KuTyChildhood\Tools\Scene3\TencentHouse01\Repair\After_Wall_LOD1.png'
01:59.687  render           | Saved: 'D:\FPT-ki7\PRU\Project_PRu\KuTyChildhood\Tools\Scene3\TencentHouse01\Repair\After_Wall_LOD2.png'
Info: Baking map saved to internal image, save it externally or pack it

FBX export starting... 'D:\\FPT-ki7\\PRU\\Project_PRu\\KuTyChildhood\\Assets\\_Project\\Art\\Models\\Scene3\\TencentHouse01\\NhaQue_Tencent_01.fbx'
export finished in 0.1349 sec.
Info: Saved as "NhaQue_Tencent_01_SuaTuong.blend"
Repair completed [{"LOD": 0, "triangles": 30000, "atlas_size": 2048, "wall_planes": [{"axis": 0, "plane": -3.038, "vertices": 485}, {"axis": 0, "plane": 3.138, "vertices": 200}, {"axis": 1, "plane": -1.762, "vertices": 906}, {"axis": 1, "plane": 2.938, "vertices": 41}], "flat_wall_faces": 1480, "max_wall_planarity_error_m": 1.0681152362579382e-07}, {"LOD": 1, "triangles": 12000, "atlas_size": 1024, "wall_planes": [{"axis": 0, "plane": -3.038, "vertices": 173}, {"axis": 0, "plane": 3.138, "vertices": 82}, {"axis": 1, "plane": -1.762, "vertices": 426}, {"axis": 1, "plane": 2.938, "vertices": 6}], "flat_wall_faces": 649, "max_wall_planarity_error_m": 1.0681152362579382e-07}, {"LOD": 2, "triangles": 3000, "atlas_size": 512, "wall_planes": [{"axis": 0, "plane": -3.038, "vertices": 57}, {"axis": 0, "plane": 3.138, "vertices": 20}, {"axis": 1, "plane": -1.762, "vertices": 146}, {"axis": 1, "plane": 2.938, "vertices": 4}], "flat_wall_faces": 246, "max_wall_planarity_error_m": 1.0681152362579382e-07}]
Exception ignored in: <function ImagePreviewCollection.__del__ at 0x00000225B6106D40>
Traceback (most recent call last):
  File "C:\Program Files\Blender Foundation\5.2\scripts\modules\bpy\utils\previews.py", line 63, in __del__
    raise ResourceWarning(
ResourceWarning: <ImagePreviewCollection id=0x225b60ec3c0[4], <super: <class 'ImagePreviewCollection'>, <ImagePreviewCollection object>>>: left open, remove with 'bpy.utils.previews.remove()'
Blender 5.2.2 LTS (hash d13f752e3b9c built 2026-09-15 01:37:04)
OBJ import of '531c2c5d7c5e6e14567ea9087e4e6b2b.obj' took 2538.88 ms

Blender quit
