00:06.703  blend            | Read blend: "D:\FPT-ki7\PRU\Project_PRu\BLENDER\Nhaque3\NhaQue_03_Game.blend"
D:\FPT-ki7\PRU\Project_PRu\KuTyChildhood\Tools\Scene3\verify_house03_silhouette.py:12: DeprecationWarning: 'Material.use_nodes' is expected to be removed in Blender 6.0
  material=bpy.data.materials.new('Silhouette');material.use_nodes=True
00:12.016  render           | Saved: 'D:\FPT-ki7\PRU\Project_PRu\KuTyChildhood\Tools\Scene3\TencentHouse03\Silhouettes\Original_Front.png'
00:12.656  render           | Saved: 'D:\FPT-ki7\PRU\Project_PRu\KuTyChildhood\Tools\Scene3\TencentHouse03\Silhouettes\LOD0_Front.png'
00:13.172  render           | Saved: 'D:\FPT-ki7\PRU\Project_PRu\KuTyChildhood\Tools\Scene3\TencentHouse03\Silhouettes\LOD1_Front.png'
00:13.391  render           | Saved: 'D:\FPT-ki7\PRU\Project_PRu\KuTyChildhood\Tools\Scene3\TencentHouse03\Silhouettes\LOD2_Front.png'
00:17.735  render           | Saved: 'D:\FPT-ki7\PRU\Project_PRu\KuTyChildhood\Tools\Scene3\TencentHouse03\Silhouettes\Original_Back.png'
00:18.156  render           | Saved: 'D:\FPT-ki7\PRU\Project_PRu\KuTyChildhood\Tools\Scene3\TencentHouse03\Silhouettes\LOD0_Back.png'
00:18.688  render           | Saved: 'D:\FPT-ki7\PRU\Project_PRu\KuTyChildhood\Tools\Scene3\TencentHouse03\Silhouettes\LOD1_Back.png'
00:19.125  render           | Saved: 'D:\FPT-ki7\PRU\Project_PRu\KuTyChildhood\Tools\Scene3\TencentHouse03\Silhouettes\LOD2_Back.png'
00:22.797  render           | Saved: 'D:\FPT-ki7\PRU\Project_PRu\KuTyChildhood\Tools\Scene3\TencentHouse03\Silhouettes\Original_Right.png'
00:23.328  render           | Saved: 'D:\FPT-ki7\PRU\Project_PRu\KuTyChildhood\Tools\Scene3\TencentHouse03\Silhouettes\LOD0_Right.png'
00:23.797  render           | Saved: 'D:\FPT-ki7\PRU\Project_PRu\KuTyChildhood\Tools\Scene3\TencentHouse03\Silhouettes\LOD1_Right.png'
00:24.360  render           | Saved: 'D:\FPT-ki7\PRU\Project_PRu\KuTyChildhood\Tools\Scene3\TencentHouse03\Silhouettes\LOD2_Right.png'
00:28.000  render           | Saved: 'D:\FPT-ki7\PRU\Project_PRu\KuTyChildhood\Tools\Scene3\TencentHouse03\Silhouettes\Original_Left.png'
00:28.516  render           | Saved: 'D:\FPT-ki7\PRU\Project_PRu\KuTyChildhood\Tools\Scene3\TencentHouse03\Silhouettes\LOD0_Left.png'
00:28.906  render           | Saved: 'D:\FPT-ki7\PRU\Project_PRu\KuTyChildhood\Tools\Scene3\TencentHouse03\Silhouettes\LOD1_Left.png'
00:29.360  render           | Saved: 'D:\FPT-ki7\PRU\Project_PRu\KuTyChildhood\Tools\Scene3\TencentHouse03\Silhouettes\LOD2_Left.png'
SILHOUETTE PASS [{"view": "Front", "LOD": 0, "silhouette_intersection_over_union": 0.9995302633772115, "changed_pixels": 217}, {"view": "Front", "LOD": 1, "silhouette_intersection_over_union": 0.9984602342520026, "changed_pixels": 712}, {"view": "Front", "LOD": 2, "silhouette_intersection_over_union": 0.9981341347401194, "changed_pixels": 863}, {"view": "Back", "LOD": 0, "silhouette_intersection_over_union": 0.9995561515284591, "changed_pixels": 189}, {"view": "Back", "LOD": 1, "silhouette_intersection_over_union": 0.9987984013104936, "changed_pixels": 512}, {"view": "Back", "LOD": 2, "silhouette_intersection_over_union": 0.9987678601603425, "changed_pixels": 525}, {"view": "Right", "LOD": 0, "silhouette_intersection_over_union": 0.9997315712641522, "changed_pixels": 73}, {"view": "Right", "LOD": 1, "silhouette_intersection_over_union": 0.9994300443829954, "changed_pixels": 155}, {"view": "Right", "LOD": 2, "silhouette_intersection_over_union": 0.9993565277502003, "changed_pixels": 175}, {"view": "Left", "LOD": 0, "silhouette_intersection_over_union": 0.9995476411139061, "changed_pixels": 123}, {"view": "Left", "LOD": 1, "silhouette_intersection_over_union": 0.9993674470604677, "changed_pixels": 172}, {"view": "Left", "LOD": 2, "silhouette_intersection_over_union": 0.9992828720423069, "changed_pixels": 195}]
Exception ignored in: <function ImagePreviewCollection.__del__ at 0x0000022F50D16DE0>
Traceback (most recent call last):
  File "C:\Program Files\Blender Foundation\5.2\scripts\modules\bpy\utils\previews.py", line 63, in __del__
    raise ResourceWarning(
ResourceWarning: <ImagePreviewCollection id=0x22f50d044b0[4], <super: <class 'ImagePreviewCollection'>, <ImagePreviewCollection object>>>: left open, remove with 'bpy.utils.previews.remove()'
Blender 5.2.2 LTS (hash d13f752e3b9c built 2026-09-15 01:37:04)

Blender quit
