00:02.453  blend            | Read blend: "D:\FPT-ki7\PRU\Project_PRu\BLENDER\Nhaque4\NhaQue_04_Game.blend"
D:\FPT-ki7\PRU\Project_PRu\KuTyChildhood\Tools\Scene3\refine_house04_far.py:61: DeprecationWarning: 'World.use_nodes' is expected to be removed in Blender 6.0
  scene.world=bpy.data.worlds.new('Neutral');scene.world.use_nodes=True;scene.world.node_tree.nodes['Background'].inputs['Strength'].default_value=.75
00:33.078  render           | Saved: 'D:\FPT-ki7\PRU\Project_PRu\KuTyChildhood\Tools\Scene3\TencentHouse04\LOD1_Resolved_Front.png'
00:45.547  render           | Saved: 'D:\FPT-ki7\PRU\Project_PRu\KuTyChildhood\Tools\Scene3\TencentHouse04\LOD1_Resolved_Back.png'
01:00.172  render           | Saved: 'D:\FPT-ki7\PRU\Project_PRu\KuTyChildhood\Tools\Scene3\TencentHouse04\LOD2_Resolved_Front.png'
01:10.609  render           | Saved: 'D:\FPT-ki7\PRU\Project_PRu\KuTyChildhood\Tools\Scene3\TencentHouse04\LOD2_Resolved_Back.png'
Info: Baking map saved to internal image, save it externally or pack it
Info: Baking map saved to internal image, save it externally or pack it
Info: Baking map saved to internal image, save it externally or pack it
Info: Baking map saved to internal image, save it externally or pack it
Info: Baking map saved to internal image, save it externally or pack it
Info: Baking map saved to internal image, save it externally or pack it
Info: Saved as "NhaQue_04_Game.blend"
MID AND FAR ATLASES REFINED; GEOMETRY UNCHANGED
Exception ignored in: <function ImagePreviewCollection.__del__ at 0x0000023E39196D40>
Traceback (most recent call last):
  File "C:\Program Files\Blender Foundation\5.2\scripts\modules\bpy\utils\previews.py", line 63, in __del__
    raise ResourceWarning(
ResourceWarning: <ImagePreviewCollection id=0x23e39180460[4], <super: <class 'ImagePreviewCollection'>, <ImagePreviewCollection object>>>: left open, remove with 'bpy.utils.previews.remove()'
Blender 5.2.2 LTS (hash d13f752e3b9c built 2026-09-15 01:37:04)

Blender quit
