00:14.640  blend            | Read blend: "D:\FPT-ki7\PRU\Project_PRu\BLENDER\Nhaque4\NhaQue_04_Game.blend"
D:\FPT-ki7\PRU\Project_PRu\KuTyChildhood\Tools\Scene3\verify_house04_silhouette.py:12: DeprecationWarning: 'Material.use_nodes' is expected to be removed in Blender 6.0
  material=bpy.data.materials.new('Silhouette');material.use_nodes=True
00:32.031  render           | Saved: 'D:\FPT-ki7\PRU\Project_PRu\KuTyChildhood\Tools\Scene3\TencentHouse04\Silhouettes\Original_Front.png'
00:33.640  render           | Saved: 'D:\FPT-ki7\PRU\Project_PRu\KuTyChildhood\Tools\Scene3\TencentHouse04\Silhouettes\LOD0_Front.png'
00:34.968  render           | Saved: 'D:\FPT-ki7\PRU\Project_PRu\KuTyChildhood\Tools\Scene3\TencentHouse04\Silhouettes\LOD1_Front.png'
00:36.156  render           | Saved: 'D:\FPT-ki7\PRU\Project_PRu\KuTyChildhood\Tools\Scene3\TencentHouse04\Silhouettes\LOD2_Front.png'
00:48.359  render           | Saved: 'D:\FPT-ki7\PRU\Project_PRu\KuTyChildhood\Tools\Scene3\TencentHouse04\Silhouettes\Original_Back.png'
00:49.625  render           | Saved: 'D:\FPT-ki7\PRU\Project_PRu\KuTyChildhood\Tools\Scene3\TencentHouse04\Silhouettes\LOD0_Back.png'
00:50.843  render           | Saved: 'D:\FPT-ki7\PRU\Project_PRu\KuTyChildhood\Tools\Scene3\TencentHouse04\Silhouettes\LOD1_Back.png'
00:51.921  render           | Saved: 'D:\FPT-ki7\PRU\Project_PRu\KuTyChildhood\Tools\Scene3\TencentHouse04\Silhouettes\LOD2_Back.png'
01:04.281  render           | Saved: 'D:\FPT-ki7\PRU\Project_PRu\KuTyChildhood\Tools\Scene3\TencentHouse04\Silhouettes\Original_Right.png'
01:05.484  render           | Saved: 'D:\FPT-ki7\PRU\Project_PRu\KuTyChildhood\Tools\Scene3\TencentHouse04\Silhouettes\LOD0_Right.png'
01:06.609  render           | Saved: 'D:\FPT-ki7\PRU\Project_PRu\KuTyChildhood\Tools\Scene3\TencentHouse04\Silhouettes\LOD1_Right.png'
01:07.656  render           | Saved: 'D:\FPT-ki7\PRU\Project_PRu\KuTyChildhood\Tools\Scene3\TencentHouse04\Silhouettes\LOD2_Right.png'
01:14.609  render           | Saved: 'D:\FPT-ki7\PRU\Project_PRu\KuTyChildhood\Tools\Scene3\TencentHouse04\Silhouettes\Original_Left.png'
01:15.046  render           | Saved: 'D:\FPT-ki7\PRU\Project_PRu\KuTyChildhood\Tools\Scene3\TencentHouse04\Silhouettes\LOD0_Left.png'
01:15.625  render           | Saved: 'D:\FPT-ki7\PRU\Project_PRu\KuTyChildhood\Tools\Scene3\TencentHouse04\Silhouettes\LOD1_Left.png'
01:15.781  render           | Saved: 'D:\FPT-ki7\PRU\Project_PRu\KuTyChildhood\Tools\Scene3\TencentHouse04\Silhouettes\LOD2_Left.png'
SILHOUETTE PASS [{"view": "Front", "LOD": 0, "silhouette_intersection_over_union": 0.998496059053828, "changed_pixels": 436}, {"view": "Front", "LOD": 1, "silhouette_intersection_over_union": 0.9973278626348998, "changed_pixels": 775}, {"view": "Front", "LOD": 2, "silhouette_intersection_over_union": 0.9949378088436618, "changed_pixels": 1468}, {"view": "Back", "LOD": 0, "silhouette_intersection_over_union": 0.9984992704787049, "changed_pixels": 432}, {"view": "Back", "LOD": 1, "silhouette_intersection_over_union": 0.997292202584905, "changed_pixels": 780}, {"view": "Back", "LOD": 2, "silhouette_intersection_over_union": 0.9944059678924059, "changed_pixels": 1613}, {"view": "Right", "LOD": 0, "silhouette_intersection_over_union": 0.9985609702453891, "changed_pixels": 229}, {"view": "Right", "LOD": 1, "silhouette_intersection_over_union": 0.9969901662006346, "changed_pixels": 479}, {"view": "Right", "LOD": 2, "silhouette_intersection_over_union": 0.9942612360607619, "changed_pixels": 915}, {"view": "Left", "LOD": 0, "silhouette_intersection_over_union": 0.9985368792495051, "changed_pixels": 221}, {"view": "Left", "LOD": 1, "silhouette_intersection_over_union": 0.9968958898669668, "changed_pixels": 469}, {"view": "Left", "LOD": 2, "silhouette_intersection_over_union": 0.9937982240970069, "changed_pixels": 938}]
Exception ignored in: <function ImagePreviewCollection.__del__ at 0x00000217EFFD6D40>
Traceback (most recent call last):
  File "C:\Program Files\Blender Foundation\5.2\scripts\modules\bpy\utils\previews.py", line 63, in __del__
    raise ResourceWarning(
ResourceWarning: <ImagePreviewCollection id=0x217effbc370[4], <super: <class 'ImagePreviewCollection'>, <ImagePreviewCollection object>>>: left open, remove with 'bpy.utils.previews.remove()'
Blender 5.2.2 LTS (hash d13f752e3b9c built 2026-09-15 01:37:04)

Blender quit
