[Licensing::Module] Trying to connect to existing licensing client channel...
[Licensing::IpcConnector] Successfully connected to: "LicenseClient-thang" at "2026-10-09T08:03:52.3426286Z"
[Licensing::Client] Code 10 while verifying Licensing Client signature (process Id: 1884, path: "D:/unity/Unity Hub/UnityLicensingClient_V1/Unity.Licensing.Client.exe")
[Licensing::Module] LicensingClient has failed validation; ignoring
[Licensing::Client] Handshaking with LicensingClient:
  Version:                 1.18.3+d7ffd15
  Session Id:              285e7500ec894077a495b98f30a7fd68
  Correlation Id:          b767a54f14933dabaa2bb08bd42182b2
  External correlation Id: 190933827681394088
  Machine Id:              ELbYDVxNpu3Iq9W5A/KPEmzSF3k=
[Licensing::Module] Successfully connected to LicensingClient on channel: "LicenseClient-thang" (connect: 0.00s, validation: 0.01s, handshake: 0.07s)
[Licensing::IpcConnector] Successfully connected to: "LicenseClient-thang-notifications" at "2026-10-09T08:03:52.4201981Z"
[Licensing::Module] Error: Access token is unavailable; failed to update
[Licensing::Client] Successfully updated license
Built from '2022.3/respin/2022.3.62f2-4af31df585-v2' branch; Version is '2022.3.62f3 (96770f904ca7) revision 9860879'; Using compiler version '192829333'; Build Type 'Release'
OS: 'Windows 11  (10.0.26200) 64bit CoreSingleLanguage' Language: 'en' Physical Memory: 16085 MB
[Licensing::Client] Successfully resolved entitlement details
[Licensing::Module] Serial number assigned to: "18968495832472-UnityPersXXXX"
BatchMode: 1, IsHumanControllingUs: 0, StartBugReporterOnCrash: 0, Is64bit: 1, IsPro: 0
[Licensing::Client] Successfully resolved entitlement details

COMMAND LINE ARGUMENTS:
C:\Program Files\Unity\Hub\Editor\2022.3.62f3\Editor\Unity.exe
-batchmode
-projectPath
C:\Users\thang\AppData\Local\Temp\KuTyVillagePreview_20261009
-executeMethod
Scene3VillageComposition.BatchVerifyOnly
-logFile
C:\Users\thang\AppData\Local\Temp\KuTyVillagePreview_20261009\village-verify-exact-scene.log
Successfully changed project path to: C:\Users\thang\AppData\Local\Temp\KuTyVillagePreview_20261009
C:/Users/thang/AppData/Local/Temp/KuTyVillagePreview_20261009
[UnityMemory] Configuration Parameters - Can be set up in boot.config
    "memorysetup-bucket-allocator-granularity=16"
    "memorysetup-bucket-allocator-bucket-count=8"
    "memorysetup-bucket-allocator-block-size=33554432"
    "memorysetup-bucket-allocator-block-count=8"
    "memorysetup-main-allocator-block-size=16777216"
    "memorysetup-thread-allocator-block-size=16777216"
    "memorysetup-gfx-main-allocator-block-size=16777216"
    "memorysetup-gfx-thread-allocator-block-size=16777216"
    "memorysetup-cache-allocator-block-size=4194304"
    "memorysetup-typetree-allocator-block-size=2097152"
    "memorysetup-profiler-bucket-allocator-granularity=16"
    "memorysetup-profiler-bucket-allocator-bucket-count=8"
    "memorysetup-profiler-bucket-allocator-block-size=33554432"
    "memorysetup-profiler-bucket-allocator-block-count=8"
    "memorysetup-profiler-allocator-block-size=16777216"
    "memorysetup-profiler-editor-allocator-block-size=1048576"
    "memorysetup-temp-allocator-size-main=16777216"
    "memorysetup-job-temp-allocator-block-size=2097152"
    "memorysetup-job-temp-allocator-block-size-background=1048576"
    "memorysetup-job-temp-allocator-reduction-small-platforms=262144"
    "memorysetup-allocator-temp-initial-block-size-main=262144"
    "memorysetup-allocator-temp-initial-block-size-worker=262144"
    "memorysetup-temp-allocator-size-background-worker=32768"
    "memorysetup-temp-allocator-size-job-worker=262144"
    "memorysetup-temp-allocator-size-preload-manager=33554432"
    "memorysetup-temp-allocator-size-nav-mesh-worker=65536"
    "memorysetup-temp-allocator-size-audio-worker=65536"
    "memorysetup-temp-allocator-size-cloud-worker=32768"
    "memorysetup-temp-allocator-size-gi-baking-worker=262144"
    "memorysetup-temp-allocator-size-gfx=262144"
Player connection [15880]  Target information:

Player connection [15880]  * "[IP] 192.168.1.2 [Port] 55505 [Flags] 2 [Guid] 3417591134 [EditorId] 3417591134 [Version] 1048832 [Id] WindowsEditor(7,DESKTOP-9VRARFD) [Debug] 1 [PackageName] WindowsEditor [ProjectName] Editor" 

Player connection [15880] Host joined multi-casting on [225.0.0.222:54997]...
Player connection [15880] Host joined alternative multi-casting on [225.0.0.222:34997]...
Input System module state changed to: Initialized.
[PhysX] Initialized MultithreadedTaskDispatcher with 12 workers.
[Package Manager] UpmClient::Connect -- Connected to IPC stream "Upm-20848" after 0.3 seconds.
[Package Manager] Restoring resolved packages state from cache
[Licensing::Client] Successfully resolved entitlement details
[Package Manager] Registered 22 packages:
  Built-in packages:
    com.unity.modules.ui@1.0.0 (location: C:\Users\thang\AppData\Local\Temp\KuTyVillagePreview_20261009\Library\PackageCache\com.unity.modules.ui@1.0.0)
    com.unity.modules.imgui@1.0.0 (location: C:\Users\thang\AppData\Local\Temp\KuTyVillagePreview_20261009\Library\PackageCache\com.unity.modules.imgui@1.0.0)
    com.unity.modules.director@1.0.0 (location: C:\Users\thang\AppData\Local\Temp\KuTyVillagePreview_20261009\Library\PackageCache\com.unity.modules.director@1.0.0)
    com.unity.modules.animation@1.0.0 (location: C:\Users\thang\AppData\Local\Temp\KuTyVillagePreview_20261009\Library\PackageCache\com.unity.modules.animation@1.0.0)
    com.unity.modules.audio@1.0.0 (location: C:\Users\thang\AppData\Local\Temp\KuTyVillagePreview_20261009\Library\PackageCache\com.unity.modules.audio@1.0.0)
    com.unity.modules.particlesystem@1.0.0 (location: C:\Users\thang\AppData\Local\Temp\KuTyVillagePreview_20261009\Library\PackageCache\com.unity.modules.particlesystem@1.0.0)
    com.unity.modules.jsonserialize@1.0.0 (location: C:\Users\thang\AppData\Local\Temp\KuTyVillagePreview_20261009\Library\PackageCache\com.unity.modules.jsonserialize@1.0.0)
    com.unity.modules.physics@1.0.0 (location: C:\Users\thang\AppData\Local\Temp\KuTyVillagePreview_20261009\Library\PackageCache\com.unity.modules.physics@1.0.0)
    com.unity.modules.terrain@1.0.0 (location: C:\Users\thang\AppData\Local\Temp\KuTyVillagePreview_20261009\Library\PackageCache\com.unity.modules.terrain@1.0.0)
  Local packages:
    com.unity.burst@file:D:\FPT-ki7\PRU\Project_PRu\KuTyChildhood\Library\PackageCache\com.unity.burst@1.8.21 (location: D:\FPT-ki7\PRU\Project_PRu\KuTyChildhood\Library\PackageCache\com.unity.burst@1.8.21)
    com.unity.ext.nunit@file:D:\FPT-ki7\PRU\Project_PRu\KuTyChildhood\Library\PackageCache\com.unity.ext.nunit@1.0.6 (location: D:\FPT-ki7\PRU\Project_PRu\KuTyChildhood\Library\PackageCache\com.unity.ext.nunit@1.0.6)
    com.unity.mathematics@file:D:\FPT-ki7\PRU\Project_PRu\KuTyChildhood\Library\PackageCache\com.unity.mathematics@1.2.6 (location: D:\FPT-ki7\PRU\Project_PRu\KuTyChildhood\Library\PackageCache\com.unity.mathematics@1.2.6)
    com.unity.nuget.newtonsoft-json@file:D:\FPT-ki7\PRU\Project_PRu\KuTyChildhood\Library\PackageCache\com.unity.nuget.newtonsoft-json@3.2.1 (location: D:\FPT-ki7\PRU\Project_PRu\KuTyChildhood\Library\PackageCache\com.unity.nuget.newtonsoft-json@3.2.1)
    com.unity.render-pipelines.core@file:D:\FPT-ki7\PRU\Project_PRu\KuTyChildhood\Library\PackageCache\com.unity.render-pipelines.core@14.0.12 (location: D:\FPT-ki7\PRU\Project_PRu\KuTyChildhood\Library\PackageCache\com.unity.render-pipelines.core@14.0.12)
    com.unity.render-pipelines.universal-config@file:D:\FPT-ki7\PRU\Project_PRu\KuTyChildhood\Library\PackageCache\com.unity.render-pipelines.universal-config@14.0.10 (location: D:\FPT-ki7\PRU\Project_PRu\KuTyChildhood\Library\PackageCache\com.unity.render-pipelines.universal-config@14.0.10)
    com.unity.render-pipelines.universal@file:D:\FPT-ki7\PRU\Project_PRu\KuTyChildhood\Library\PackageCache\com.unity.render-pipelines.universal@14.0.12 (location: D:\FPT-ki7\PRU\Project_PRu\KuTyChildhood\Library\PackageCache\com.unity.render-pipelines.universal@14.0.12)
    com.unity.searcher@file:D:\FPT-ki7\PRU\Project_PRu\KuTyChildhood\Library\PackageCache\com.unity.searcher@4.9.2 (location: D:\FPT-ki7\PRU\Project_PRu\KuTyChildhood\Library\PackageCache\com.unity.searcher@4.9.2)
    com.unity.shadergraph@file:D:\FPT-ki7\PRU\Project_PRu\KuTyChildhood\Library\PackageCache\com.unity.shadergraph@14.0.12 (location: D:\FPT-ki7\PRU\Project_PRu\KuTyChildhood\Library\PackageCache\com.unity.shadergraph@14.0.12)
    com.unity.test-framework@file:D:\FPT-ki7\PRU\Project_PRu\KuTyChildhood\Library\PackageCache\com.unity.test-framework@1.1.33 (location: D:\FPT-ki7\PRU\Project_PRu\KuTyChildhood\Library\PackageCache\com.unity.test-framework@1.1.33)
    com.unity.textmeshpro@file:D:\FPT-ki7\PRU\Project_PRu\KuTyChildhood\Library\PackageCache\com.unity.textmeshpro@3.0.6 (location: D:\FPT-ki7\PRU\Project_PRu\KuTyChildhood\Library\PackageCache\com.unity.textmeshpro@3.0.6)
    com.unity.timeline@file:D:\FPT-ki7\PRU\Project_PRu\KuTyChildhood\Library\PackageCache\com.unity.timeline@1.7.7 (location: D:\FPT-ki7\PRU\Project_PRu\KuTyChildhood\Library\PackageCache\com.unity.timeline@1.7.7)
    com.unity.ugui@file:D:\FPT-ki7\PRU\Project_PRu\KuTyChildhood\Library\PackageCache\com.unity.ugui@1.0.0 (location: D:\FPT-ki7\PRU\Project_PRu\KuTyChildhood\Library\PackageCache\com.unity.ugui@1.0.0)
[Subsystems] No new subsystems found in resolved package list.
Package Manager log level set to [2]
[Package Manager] Done registering packages in 0.29 seconds
Refreshing native plugins compatible for Editor in 3.58 ms, found 0 plugins.
Preloading 0 native plugins for Editor in 0.00 ms.
Initialize engine version: 2022.3.62f3 (96770f904ca7)
[Subsystems] Discovering subsystems at path C:/Program Files/Unity/Hub/Editor/2022.3.62f3/Editor/Data/Resources/UnitySubsystems
[Subsystems] Discovering subsystems at path C:/Users/thang/AppData/Local/Temp/KuTyVillagePreview_20261009/Assets
GfxDevice: creating device client; threaded=0; jobified=0
Direct3D:
    Version:  Direct3D 11.0 [level 11.1]
    Renderer: NVIDIA GeForce RTX 4050 Laptop GPU (ID=0x28a1)
    Vendor:   NVIDIA
    VRAM:     5920 MB
    Driver:   32.0.16.1078
[Licensing::Client] Successfully resolved entitlement details
Initialize mono
Mono path[0] = 'C:/Program Files/Unity/Hub/Editor/2022.3.62f3/Editor/Data/Managed'
Mono path[1] = 'C:/Program Files/Unity/Hub/Editor/2022.3.62f3/Editor/Data/MonoBleedingEdge/lib/mono/unityjit-win32'
Mono config path = 'C:/Program Files/Unity/Hub/Editor/2022.3.62f3/Editor/Data/MonoBleedingEdge/etc'
Using monoOptions --debugger-agent=transport=dt_socket,embedding=1,server=y,suspend=n,address=127.0.0.1:56848
Using cacheserver namespaces - metadata:defaultmetadata, artifacts:defaultartifacts
Using cacheserver namespaces - metadata:defaultmetadata, artifacts:defaultartifacts
ImportWorker Server TCP listen port: 0
Begin MonoManager ReloadAssembly
Registering precompiled unity dll's ...
Register platform support module: C:/Program Files/Unity/Hub/Editor/2022.3.62f3/Editor/Data/PlaybackEngines/WindowsStandaloneSupport/UnityEditor.WindowsStandalone.Extensions.dll
Registered in 0.007443 seconds.
- Loaded All Assemblies, in  0.297 seconds
Native extension for WindowsStandalone target not found
Mono: successfully reloaded assembly
- Finished resetting the current domain, in  0.210 seconds
Domain Reload Profiling: 503ms
	BeginReloadAssembly (97ms)
		ExecutionOrderSort (0ms)
		DisableScriptedObjects (0ms)
		BackupInstance (0ms)
		ReleaseScriptingObjects (0ms)
		CreateAndSetChildDomain (1ms)
	RebuildCommonClasses (26ms)
	RebuildNativeTypeToScriptingClass (7ms)
	initialDomainReloadingComplete (52ms)
	LoadAllAssembliesAndSetupDomain (110ms)
		LoadAssemblies (96ms)
		RebuildTransferFunctionScriptingTraits (0ms)
		AnalyzeDomain (107ms)
			TypeCache.Refresh (105ms)
				TypeCache.ScanAssembly (93ms)
			ScanForSourceGeneratedMonoScriptInfo (0ms)
			ResolveRequiredComponents (1ms)
	FinalizeReload (210ms)
		ReleaseScriptCaches (0ms)
		RebuildScriptCaches (0ms)
		SetupLoadedEditorAssemblies (174ms)
			LogAssemblyErrors (0ms)
			InitializePlatformSupportModulesInManaged (9ms)
			SetLoadedEditorAssemblies (6ms)
			RefreshPlugins (0ms)
			BeforeProcessingInitializeOnLoad (2ms)
			ProcessInitializeOnLoadAttributes (116ms)
			ProcessInitializeOnLoadMethodAttributes (41ms)
			AfterProcessingInitializeOnLoad (0ms)
			EditorAssembliesLoaded (0ms)
		ExecutionOrderSort2 (0ms)
		AwakeInstancesAfterBackupRestoration (0ms)
[Licensing::Client] Successfully resolved entitlement details
Application.AssetDatabase Initial Refresh Start
[ScriptCompilation] Requested script compilation because: Assetdatabase observed changes in script compilation related files
Starting: C:\Program Files\Unity\Hub\Editor\2022.3.62f3\Editor\Data\bee_backend.exe --ipc --defer-dag-verification --dagfile="Library/Bee/1900b0aE.dag" --continue-on-failure --profile="Library/Bee/backend1.traceevents" ScriptAssemblies
WorkingDir: C:/Users/thang/AppData/Local/Temp/KuTyVillagePreview_20261009
DisplayProgressbar: Compiling Scripts
ExitCode: 0 Duration: 3s318ms
[324/404    0s] ILPP-Configuration Library/ilpp-configuration.nevergeneratedoutput
[400/404    0s] Csc Library/Bee/artifacts/1900b0aE.dag/Assembly-CSharp-Editor.dll (+2 others)
[401/404    0s] ILPostProcess Library/Bee/artifacts/1900b0aE.dag/post-processed/Assembly-CSharp-Editor.dll (+pdb)
Processing assembly Library/Bee/artifacts/1900b0aE.dag/Assembly-CSharp-Editor.dll, with 117 defines and 239 references

processors: zzzUnity.Burst.CodeGen.BurstILPostProcessor

running zzzUnity.Burst.CodeGen.BurstILPostProcessor
[402/404    0s] CopyFiles Library/ScriptAssemblies/Assembly-CSharp-Editor.pdb
[403/404    0s] CopyFiles Library/ScriptAssemblies/Assembly-CSharp-Editor.dll
*** Tundra build success (3.28 seconds), 5 items updated, 404 evaluated
AssetDatabase: script compilation time: 3.759058s
Begin MonoManager ReloadAssembly
- Loaded All Assemblies, in  1.699 seconds
Refreshing native plugins compatible for Editor in 1.26 ms, found 0 plugins.
Preloading 0 native plugins for Editor in 0.00 ms.
Start importing Assets/_Project/Editor/Scene3VillageComposition.Verify.cs using Guid(f5bb5ba8c0d477d4ba1c6e871f8a7301) Importer(-1,00000000000000000000000000000000) [PhysX] Initialized MultithreadedTaskDispatcher with 12 workers.
 -> (artifact id: 'ed84b02718359ad018506b3546a1b2e5') in 0.008447 seconds
Refreshing native plugins compatible for Editor in 1.22 ms, found 0 plugins.
Native extension for WindowsStandalone target not found
Mono: successfully reloaded assembly
- Finished resetting the current domain, in  1.668 seconds
Domain Reload Profiling: 3364ms
	BeginReloadAssembly (158ms)
		ExecutionOrderSort (0ms)
		DisableScriptedObjects (4ms)
		BackupInstance (0ms)
		ReleaseScriptingObjects (0ms)
		CreateAndSetChildDomain (25ms)
	RebuildCommonClasses (26ms)
	RebuildNativeTypeToScriptingClass (8ms)
	initialDomainReloadingComplete (30ms)
	LoadAllAssembliesAndSetupDomain (1473ms)
		LoadAssemblies (1486ms)
		RebuildTransferFunctionScriptingTraits (0ms)
		AnalyzeDomain (82ms)
			TypeCache.Refresh (62ms)
				TypeCache.ScanAssembly (51ms)
			ScanForSourceGeneratedMonoScriptInfo (13ms)
			ResolveRequiredComponents (6ms)
	FinalizeReload (1669ms)
		ReleaseScriptCaches (0ms)
		RebuildScriptCaches (0ms)
		SetupLoadedEditorAssemblies (1539ms)
			LogAssemblyErrors (0ms)
			InitializePlatformSupportModulesInManaged (5ms)
			SetLoadedEditorAssemblies (3ms)
			RefreshPlugins (0ms)
			BeforeProcessingInitializeOnLoad (47ms)
			ProcessInitializeOnLoadAttributes (1357ms)
			ProcessInitializeOnLoadMethodAttributes (119ms)
			AfterProcessingInitializeOnLoad (8ms)
			EditorAssembliesLoaded (0ms)
		ExecutionOrderSort2 (0ms)
		AwakeInstancesAfterBackupRestoration (9ms)
Start importing Assets/_Project/Scenes/Act3_MemoryWorld_OutSide.unity using Guid(804894adc077cde44965fe0651d10d93) Importer(-1,00000000000000000000000000000000) [PhysX] Initialized MultithreadedTaskDispatcher with 12 workers.
 -> (artifact id: 'b3c0a54697c8472c0c862f1f437b07b4') in 0.004727 seconds
Start importing Assets/_Project/Art/Materials/Scene3/RiceOptimized/ThanTre_Xanh.mat using Guid(12168096885b26f479e4ce8fda5ed694) Importer(-1,00000000000000000000000000000000) [PhysX] Initialized MultithreadedTaskDispatcher with 12 workers.
 -> (artifact id: 'e3edf5f23f49cd9f60e4a8db2f15698a') in 0.003052 seconds
Start importing Assets/_Project/Art/Materials/Scene3/RiceOptimized/Lua_Ruong_Chung.mat using Guid(7fccb90389c790547a4f8f74e0e17436) Importer(-1,00000000000000000000000000000000) [PhysX] Initialized MultithreadedTaskDispatcher with 12 workers.
 -> (artifact id: '3892bd56564f4b6c2c71e7e40a3603dc') in 0.002494 seconds
Start importing Assets/_Project/Art/Models/Scene3/VillageDetails/BuiTre_VietNam.asset using Guid(c43fbc9ff35a00248b78b095f9e54ca8) Importer(-1,00000000000000000000000000000000) [PhysX] Initialized MultithreadedTaskDispatcher with 12 workers.
 -> (artifact id: 'f35216d8e34f30d70d669c385023945e') in 0.004118 seconds
Start importing Assets/_Project/Art/Models/Scene3/VillageDetails/CayOi_Village.asset using Guid(a6f804dc5dbb8dd43a4a9d777c457476) Importer(-1,00000000000000000000000000000000) [PhysX] Initialized MultithreadedTaskDispatcher with 12 workers.
 -> (artifact id: 'f509105681fffb91fd6253c00c559d58') in 0.002973 seconds
Start importing Assets/_Project/Art/Models/Scene3/VillageDetails/GoDat_BienLang.asset using Guid(49eb3474c29b7e14da059eee071d2fff) Importer(-1,00000000000000000000000000000000) [PhysX] Initialized MultithreadedTaskDispatcher with 12 workers.
 -> (artifact id: '9b5e8087c8af3a20d0cc7bed943cf87d') in 0.003772 seconds
Start importing Assets/_Project/Art/Models/Scene3/VillageDetails/RauTrongVuon.asset using Guid(1da4dbafb5ef14a45a04f0d93af5572c) Importer(-1,00000000000000000000000000000000) [PhysX] Initialized MultithreadedTaskDispatcher with 12 workers.
 -> (artifact id: '23eb4f104ab52bb0ac8657f33a26e89f') in 0.004572 seconds
Start importing Assets/_Project/Art/Models/Scene3/VillageDetails/BuiChuoi.asset using Guid(ef7c75a31ddaed543b3aa74635f28aef) Importer(-1,00000000000000000000000000000000) [PhysX] Initialized MultithreadedTaskDispatcher with 12 workers.
 -> (artifact id: 'd9bf69e154402f102dc47526d15c4dc5') in 0.003223 seconds
Refreshing native plugins compatible for Editor in 1.48 ms, found 0 plugins.
Preloading 0 native plugins for Editor in 0.00 ms.
Asset Pipeline Refresh (id=f5e147c158f31034a86de041ea6cbdde): Total: 8.213 seconds - Initiated by InitialRefreshV2(ForceSynchronousImport)
	Summary:
		Imports: total=8 (actual=8, local cache=0, cache server=0)
		Asset DB Process Time: managed=3 ms, native=923 ms
		Asset DB Callback time: managed=77 ms, native=6 ms
		Scripting: domain reloads=1, domain reload time=3416 ms, compile time=3761 ms, other=24 ms
		Project Asset Count: scripts=3453, non-scripts=1423
		Asset File Changes: new=7, changed=9, moved=0, deleted=7
		Scan Filter Count: 0
	InvokeBeforeRefreshCallbacks: 2.219ms
	ApplyChangesToAssetFolders: 0.031ms
	Scan: 88.196ms
	OnSourceAssetsModified: 2.031ms
	UnregisterDeletedAssets: 0.008ms
	GetAllGuidsForCategorization: 0.800ms
	CategorizeAssets: 84.542ms
	ImportOutOfDateAssets: 1749.420ms (-2078.653ms without children)
		ImportManagerImport: 53.087ms (12.385ms without children)
			ImportInProcess: 40.621ms
			UpdateCategorizedAssets: 0.081ms
		CompileScripts: 3760.781ms
		ReloadNativeAssets: 0.029ms
		UnloadImportedAssets: 11.287ms
		ReloadImportedAssets: 0.289ms
		EnsureUptoDateAssetsAreRegisteredWithGuidPM: 1.587ms
		InitializingProgressBar: 0.018ms
		PostProcessAllAssetNotificationsAddChangedAssets: 0.002ms
		OnDemandSchedulerStart: 0.993ms
	PostProcessAllAssets: 77.270ms
	Hotreload: 2.530ms
	GatherAllCurrentPrimaryArtifactRevisions: 0.001ms
	UnloadStreamsBegin: 1.083ms
	PersistCurrentRevisions: 0.331ms
	UnloadStreamsEnd: 0.052ms
	GenerateScriptTypeHashes: 2.466ms
	Untracked: 6204.481ms
Application.AssetDatabase Initial Refresh End
Launched and connected shader compiler UnityShaderCompiler.exe after 0.04 seconds
Scanning for USB devices : 1.403ms
Initializing Unity extensions:
[Licensing::Client] Successfully resolved entitlement details
[MODES] ModeService[none].Initialize
[MODES] ModeService[none].LoadModes
[MODES] Loading mode Default (0) for mode-current-id-Chia Khoa Ky Uc
[PhysX] Initialized MultithreadedTaskDispatcher with 12 workers.
ProgressiveSceneManager::Cancel()
Unloading 13 Unused Serialized files (Serialized files now loaded: 0)
Unloading 69 unused Assets / (0.8 MB). Loaded Objects now: 3420.
Memory consumption went from 124.5 MB to 123.8 MB.
Total: 5.420900 ms (FindLiveObjects: 0.476200 ms CreateObjectMapping: 0.232500 ms MarkObjects: 4.224600 ms  DeleteObjects: 0.485500 ms)

Opening scene 'Assets/_Project/Scenes/Act3_MemoryWorld_OutSide.unity'
[PhysX] Initialized MultithreadedTaskDispatcher with 12 workers.
Unloading 12 Unused Serialized files (Serialized files now loaded: 0)
Loaded scene 'Assets/_Project/Scenes/Act3_MemoryWorld_OutSide.unity'
	Deserialize:            166.250 ms
	Integration:            327.280 ms
	Integration of assets:  17.881 ms
	Thread Wait Time:       0.100 ms
	Total Operation Time:   511.510 ms
Unloading 4 unused Assets / (43.5 KB). Loaded Objects now: 13233.
Memory consumption went from 170.4 MB to 170.3 MB.
Total: 7.761700 ms (FindLiveObjects: 1.988900 ms CreateObjectMapping: 1.390500 ms MarkObjects: 4.214300 ms  DeleteObjects: 0.165300 ms)

[VillageComposition] Captured three views to Tools/Scene3/VillageComposition/After
UnityEngine.StackTraceUtility:ExtractStackTrace ()
UnityEngine.DebugLogHandler:LogFormat (UnityEngine.LogType,UnityEngine.Object,string,object[])
UnityEngine.Logger:Log (UnityEngine.LogType,object)
UnityEngine.Debug:Log (object)
Scene3VillageComposition:Capture () (at Assets/_Project/Editor/Scene3VillageComposition.Verify.cs:107)
Scene3VillageComposition:BatchVerifyOnly () (at Assets/_Project/Editor/Scene3VillageComposition.Verify.cs:71)

(Filename: Assets/_Project/Editor/Scene3VillageComposition.Verify.cs Line: 107)

[VillageComposition] Validation passed.
UnityEngine.StackTraceUtility:ExtractStackTrace ()
UnityEngine.DebugLogHandler:LogFormat (UnityEngine.LogType,UnityEngine.Object,string,object[])
UnityEngine.Logger:Log (UnityEngine.LogType,object)
UnityEngine.Debug:Log (object)
Scene3VillageComposition:ValidateScene () (at Assets/_Project/Editor/Scene3VillageComposition.Verify.cs:152)
Scene3VillageComposition:BatchVerifyOnly () (at Assets/_Project/Editor/Scene3VillageComposition.Verify.cs:71)

(Filename: Assets/_Project/Editor/Scene3VillageComposition.Verify.cs Line: 152)

Curl error 42: Callback aborted
[PhysX] Initialized MultithreadedTaskDispatcher with 12 workers.
Input System module state changed to: ShutdownInProgress.
Input System polling thread exited.
Input System module state changed to: Shutdown.
[Licensing::IpcConnector] LicenseClient-thang-notifications channel disconnected successfully.
[Licensing::IpcConnector] LicenseClient-thang channel disconnected successfully.
Cleanup mono
[Performance] WinEditorMain                                                                                                  :        1 samples, Peak.   662 ms (1.0x), Avg.   662 ms, Total. 662.0 ms (5.1%)
[Performance] WinEditorMain.ConfigureCrashHandler                                                                            :        1 samples, Peak.  35.4 us (1.0x), Avg.  35.4 us, Total. 35.40 us (0.0%)
[Performance] WinEditorMain.CurlRequestInitialize                                                                            :        1 samples, Peak.   836 us (1.0x), Avg.   836 us, Total. 836.3 us (0.0%)
[Performance] WinEditorMain.SetupLogFile                                                                                     :        1 samples, Peak.   729 us (1.0x), Avg.   729 us, Total. 729.4 us (0.0%)
[Performance] WinEditorMain.RunNativeTestsIfRequiredAndExit                                                                  :        1 samples, Peak.   200 ns (1.0x), Avg.   200 ns, Total. 200.0 ns (0.0%)
[Performance] WinEditorMain.Licensing                                                                                        :        1 samples, Peak.   640 ms (1.0x), Avg.   640 ms, Total. 640.2 ms (4.9%)
[Performance] WinEditorMain.InitializeCrashHandler                                                                           :        1 samples, Peak.  13.5 ms (1.0x), Avg.  13.5 ms, Total. 13.51 ms (0.1%)
[Performance] WinEditorMain.CreateApplication                                                                                :        1 samples, Peak.   182 us (1.0x), Avg.   182 us, Total. 181.9 us (0.0%)
[Performance] Application.InitializeProject                                                                                  :        1 samples, Peak.  10.5 s (1.0x), Avg.  10.5 s, Total. 10.50 s (80.4%)
[Performance] Application.PackageManager.StartServer                                                                         :        1 samples, Peak.  6.35 ms (1.0x), Avg.  6.35 ms, Total. 6.352 ms (0.0%)
[Performance] Application.AcquireProjectLock                                                                                 :        1 samples, Peak.  6.37 ms (1.0x), Avg.  6.37 ms, Total. 6.367 ms (0.0%)
[Performance] Application.InitializeEngineNoGraphics                                                                         :        1 samples, Peak.  55.1 ms (1.0x), Avg.  55.1 ms, Total. 55.08 ms (0.4%)
[Performance] Application.PackageManager.Initialize                                                                          :        1 samples, Peak.   330 ms (1.0x), Avg.   330 ms, Total. 330.2 ms (2.5%)
[Performance] Connecting to Package Manager                                                                                  :       34 samples, Peak.  82.7 us (17.7x), Avg.  4.67 us, Total. 158.8 us (0.0%)
[Performance] Application.EngineGraphics.Initialize                                                                          :        1 samples, Peak.   288 ms (1.0x), Avg.   288 ms, Total. 287.9 ms (2.2%)
[Performance] Application.GI.Initialize                                                                                      :        1 samples, Peak.  3.98 ms (1.0x), Avg.  3.98 ms, Total. 3.977 ms (0.0%)
[Performance] Application.LoadAllDefaultResourcesFromEditor                                                                  :        1 samples, Peak.  2.12 ms (1.0x), Avg.  2.12 ms, Total. 2.119 ms (0.0%)
[Performance] Application.LoadMonoAssemblies                                                                                 :        1 samples, Peak.   523 ms (1.0x), Avg.   523 ms, Total. 522.7 ms (4.0%)
[Performance] RestoreManagedReferences                                                                                       :        2 samples, Peak.  42.8 ms (2.0x), Avg.  21.4 ms, Total. 42.76 ms (0.3%)
[Performance] InitializeOnLoad DrivenRectTransformUndo                                                                       :        2 samples, Peak.   413 us (1.1x), Avg.   376 us, Total. 751.6 us (0.0%)
[Performance] InitializeOnLoad SceneSearch                                                                                   :        2 samples, Peak.   112 us (1.1x), Avg.   107 us, Total. 213.3 us (0.0%)
[Performance] InitializeOnLoad CloudBuild                                                                                    :        2 samples, Peak.  3.50 us (1.1x), Avg.  3.05 us, Total. 6.100 us (0.0%)
[Performance] InitializeOnLoad NativeFormatImporterUtility                                                                   :        2 samples, Peak.  2.34 ms (1.0x), Avg.  2.24 ms, Total. 4.481 ms (0.0%)
[Performance] InitializeOnLoad SearchService                                                                                 :        2 samples, Peak.   110 us (1.1x), Avg.  99.4 us, Total. 198.8 us (0.0%)
[Performance] InitializeOnLoad SettingsService                                                                               :        2 samples, Peak.  10.2 us (1.4x), Avg.  7.30 us, Total. 14.60 us (0.0%)
[Performance] InitializeOnLoad WindowLayout                                                                                  :        2 samples, Peak.   710 us (1.1x), Avg.   646 us, Total. 1.293 ms (0.0%)
[Performance] InitializeOnLoad AssetStoreContext                                                                             :        2 samples, Peak.  22.3 ms (1.0x), Avg.  22.2 ms, Total. 44.40 ms (0.3%)
[Performance] InitializeOnLoad PoolManager                                                                                   :        2 samples, Peak.   489 us (1.0x), Avg.   474 us, Total. 947.8 us (0.0%)
[Performance] InitializeOnLoad MixerEffectDefinitionReloader                                                                 :        2 samples, Peak.  2.06 ms (1.2x), Avg.  1.73 ms, Total. 3.456 ms (0.0%)
[Performance] InitializeOnLoad ProjectSearch                                                                                 :        2 samples, Peak.  57.9 us (1.1x), Avg.  55.0 us, Total. 110.0 us (0.0%)
[Performance] InitializeOnLoad UISystemProfilerRenderService                                                                 :        2 samples, Peak.  7.00 us (1.1x), Avg.  6.55 us, Total. 13.10 us (0.0%)
[Performance] InitializeOnLoad EditMode                                                                                      :        2 samples, Peak.   327 us (1.1x), Avg.   300 us, Total. 599.7 us (0.0%)
[Performance] InitializeOnLoad UnityConnect                                                                                  :        2 samples, Peak.  40.7 us (1.1x), Avg.  37.6 us, Total. 75.20 us (0.0%)
[Performance] InitializeOnLoad ManagedDebugger                                                                               :        2 samples, Peak.   473 us (1.7x), Avg.   283 us, Total. 565.9 us (0.0%)
[Performance] InitializeOnLoad ShortcutIntegration                                                                           :        2 samples, Peak.  45.7 us (1.1x), Avg.  42.7 us, Total. 85.30 us (0.0%)
[Performance] InitializeOnLoad AddComponentWindow                                                                            :        2 samples, Peak.  79.4 us (1.0x), Avg.  76.8 us, Total. 153.6 us (0.0%)
[Performance] InitializeOnLoad ManagedDebuggerWindow                                                                         :        2 samples, Peak.  84.7 us (1.0x), Avg.  84.4 us, Total. 168.7 us (0.0%)
[Performance] InitializeOnLoad CacheServerWindow                                                                             :        2 samples, Peak.  8.10 us (1.3x), Avg.  6.45 us, Total. 12.90 us (0.0%)
[Performance] InitializeOnLoad PlayModeDownload                                                                              :        2 samples, Peak.  4.38 ms (1.9x), Avg.  2.26 ms, Total. 4.511 ms (0.0%)
[Performance] InitializeOnLoad MenuItems                                                                                     :        2 samples, Peak.  84.0 us (1.2x), Avg.  70.7 us, Total. 141.5 us (0.0%)
[Performance] InitializeOnLoad PrefabInstanceChangedListener                                                                 :        2 samples, Peak.   103 us (1.1x), Avg.  96.7 us, Total. 193.4 us (0.0%)
[Performance] InitializeOnLoad ObjectSelectorSearch                                                                          :        2 samples, Peak.  29.2 us (1.0x), Avg.  28.1 us, Total. 56.10 us (0.0%)
[Performance] InitializeOnLoad EditorMonitor                                                                                 :        2 samples, Peak.   512 us (1.2x), Avg.   425 us, Total. 850.7 us (0.0%)
[Performance] InitializeOnLoad RetainedMode                                                                                  :        2 samples, Peak.  2.60 ms (1.2x), Avg.  2.24 ms, Total. 4.488 ms (0.0%)
[Performance] InitializeOnLoad EditorShaderLoader                                                                            :        2 samples, Peak.   540 us (1.0x), Avg.   528 us, Total. 1.057 ms (0.0%)
[Performance] InitializeOnLoad EditorDelegateRegistration                                                                    :        2 samples, Peak.   402 us (1.1x), Avg.   354 us, Total. 709.0 us (0.0%)
[Performance] InitializeOnLoad UIDocumentHierarchyWatcher                                                                    :        2 samples, Peak.  61.6 us (1.0x), Avg.  59.1 us, Total. 118.1 us (0.0%)
[Performance] InitializeOnLoad LiveReloadTrackerCreator                                                                      :        2 samples, Peak.   201 us (1.4x), Avg.   149 us, Total. 297.6 us (0.0%)
[Performance] InitializeOnLoad UxmlObjectEditorFactories                                                                     :        2 samples, Peak.   461 us (1.2x), Avg.   387 us, Total. 774.6 us (0.0%)
[Performance] InitializeOnLoad UXMLEditorFactories                                                                           :        2 samples, Peak.  49.0 ms (1.0x), Avg.  48.4 ms, Total. 96.74 ms (0.7%)
[Performance] InitializeOnLoad PurchasingService                                                                             :        2 samples, Peak.  6.15 ms (1.1x), Avg.  5.85 ms, Total. 11.69 ms (0.1%)
[Performance] InitializeOnLoad CloudBuildPoller                                                                              :        2 samples, Peak.  97.0 us (1.0x), Avg.  94.6 us, Total. 189.1 us (0.0%)
[Performance] InitializeOnLoad EditorGameServicesAnalytics                                                                   :        2 samples, Peak.  2.21 ms (1.7x), Avg.  1.30 ms, Total. 2.594 ms (0.0%)
[Performance] InitializeOnLoad AnalyticsService                                                                              :        2 samples, Peak.   145 us (1.0x), Avg.   144 us, Total. 288.1 us (0.0%)
[Performance] InitializeOnLoad BuildService                                                                                  :        2 samples, Peak.   116 us (1.0x), Avg.   112 us, Total. 225.0 us (0.0%)
[Performance] InitializeOnLoad AdsService                                                                                    :        2 samples, Peak.   377 us (1.1x), Avg.   347 us, Total. 693.4 us (0.0%)
[Performance] InitializeOnLoad UDPService                                                                                    :        2 samples, Peak.   117 us (1.0x), Avg.   112 us, Total. 224.0 us (0.0%)
[Performance] InitializeOnLoad CrashService                                                                                  :        2 samples, Peak.   106 us (1.0x), Avg.   103 us, Total. 206.7 us (0.0%)
[Performance] InitializeOnLoad ServicesRepository                                                                            :        2 samples, Peak.  7.20 us (1.9x), Avg.  3.75 us, Total. 7.500 us (0.0%)
[Performance] InitializeOnLoad SearchWindow                                                                                  :        2 samples, Peak.   119 us (1.2x), Avg.   101 us, Total. 201.5 us (0.0%)
[Performance] InitializeOnLoad CustomIndexers                                                                                :        2 samples, Peak.  14.6 ms (1.0x), Avg.  14.0 ms, Total. 28.00 ms (0.2%)
[Performance] InitializeOnLoad SearchMonitor                                                                                 :        2 samples, Peak.  1.70 ms (1.4x), Avg.  1.18 ms, Total. 2.352 ms (0.0%)
[Performance] InitializeOnLoad ParameterControllerEditor                                                                     :        2 samples, Peak.  19.7 us (1.0x), Avg.  19.5 us, Total. 38.90 us (0.0%)
[Performance] InitializeOnLoad LayerSettingsWindow                                                                           :        2 samples, Peak.  34.5 us (1.8x), Avg.  18.9 us, Total. 37.70 us (0.0%)
[Performance] InitializeOnLoad PackageManagerHookGUIDConverter.RegisterPackagesEventHandler                                  :        2 samples, Peak.  1.42 ms (1.8x), Avg.   788 us, Total. 1.577 ms (0.0%)
[Performance] InitializeOnLoad EditorDragAndDrop.RegisterEditorClient                                                        :        2 samples, Peak.   309 us (1.3x), Avg.   235 us, Total. 470.3 us (0.0%)
[Performance] InitializeOnLoad EditorEventCallbacks.InitializeFontAssetResourceChangeCallBacks                               :        2 samples, Peak.  1.52 ms (1.2x), Avg.  1.25 ms, Total. 2.507 ms (0.0%)
[Performance] InitializeOnLoad SceneTemplateService.Init                                                                     :        2 samples, Peak.  1.42 ms (1.2x), Avg.  1.16 ms, Total. 2.323 ms (0.0%)
[Performance] InitializeOnLoad DiagnosticSwitchesConsoleMessage.Init                                                         :        2 samples, Peak.  5.77 ms (1.7x), Avg.  3.37 ms, Total. 6.733 ms (0.1%)
[Performance] InitializeOnLoad PackageManagerWindow.EditorInitializedInSafeMode                                              :        2 samples, Peak.  19.3 ms (2.0x), Avg.  9.73 ms, Total. 19.46 ms (0.1%)
[Performance] InitializeOnLoad ToolShortcutContext.Init                                                                      :        2 samples, Peak.   197 us (1.3x), Avg.   151 us, Total. 302.3 us (0.0%)
[Performance] InitializeOnLoad MemoryProfilerCompilationGuard.InjectCompileGuard                                             :        2 samples, Peak.   101 us (1.0x), Avg.  97.8 us, Total. 195.6 us (0.0%)
[Performance] InitializeOnLoad AssetPostprocessingInternal.RefreshCustomDependencies                                         :        2 samples, Peak.  3.37 ms (1.2x), Avg.  2.89 ms, Total. 5.781 ms (0.0%)
[Performance] InitializeOnLoad SysrootManager.Initialize                                                                     :        2 samples, Peak.   698 us (1.0x), Avg.   695 us, Total. 1.391 ms (0.0%)
[Performance] InitializeOnLoad ScopedRegistryAddedPopup.SubscribeToRegistriesAdded                                           :        2 samples, Peak.  17.3 ms (2.0x), Avg.  8.72 ms, Total. 17.44 ms (0.1%)
[Performance] InitializeOnLoad SceneVisibilityManager.Initialize                                                             :        2 samples, Peak.  6.20 ms (1.7x), Avg.  3.57 ms, Total. 7.137 ms (0.1%)
[Performance] InitializeOnLoad EditorWindow.Initialize                                                                       :        2 samples, Peak.   219 us (1.0x), Avg.   210 us, Total. 419.8 us (0.0%)
[Performance] AssemblyReloadEvents.afterAssemblyReload: UnityEditor.SceneTemplate.SceneTemplateService.AfterAssemblyReload   :        2 samples, Peak.  2.54 ms (1.8x), Avg.  1.40 ms, Total. 2.790 ms (0.0%)
[Performance] ProcessService.EditorAfterLoadAllAssemblies                                                                    :        2 samples, Peak.   311 us (1.2x), Avg.   258 us, Total. 516.3 us (0.0%)
[Performance] Application.ReadLicenseInfo                                                                                    :        1 samples, Peak.  14.2 ms (1.0x), Avg.  14.2 ms, Total. 14.23 ms (0.1%)
[Performance] Application.InitialRefresh                                                                                     :        1 samples, Peak.  8.22 s (1.0x), Avg.  8.22 s, Total. 8.215 s (63.0%)
[Performance] ShaderImporter.SourceAssetModified                                                                             :        2 samples, Peak.  1000 ns (1.4x), Avg.   700 ns, Total. 1.400 us (0.0%)
[Performance] ShaderIncludeImporter.SourceAssetModified                                                                      :        2 samples, Peak.  1.10 us (1.0x), Avg.  1.10 us, Total. 2.200 us (0.0%)
[Performance] Compiling Scripts                                                                                              :        1 samples, Peak.  3.76 s (1.0x), Avg.  3.76 s, Total. 3.759 s (28.8%)
[Performance] AssemblyReloadEvents.beforeAssemblyReload: UnityEditor.SceneTemplate.SceneTemplateService.BeforeAssemblyReload :        1 samples, Peak.   434 us (1.0x), Avg.   434 us, Total. 433.6 us (0.0%)
[Performance] PresetManagerPostProcessor.OnPreprocessAsset                                                                   :        9 samples, Peak.   917 us (8.0x), Avg.   114 us, Total. 1.029 ms (0.0%)
[Performance] CancelSplashScreenOnAssetChange.OnPreprocessAsset                                                              :        9 samples, Peak.   121 us (7.5x), Avg.  16.1 us, Total. 144.6 us (0.0%)
[Performance] ShaderGraphAssetPostProcessor.OnPreprocessAsset                                                                :        9 samples, Peak.   148 us (7.6x), Avg.  19.6 us, Total. 176.1 us (0.0%)
[Performance] InitializeOnLoad BurstLoader                                                                                   :        1 samples, Peak.  1.23 s (1.0x), Avg.  1.23 s, Total. 1.234 s (9.5%)
[Performance] InitializeOnLoad ShadowCasterGroup2DManager                                                                    :        1 samples, Peak.   111 us (1.0x), Avg.   111 us, Total. 111.2 us (0.0%)
[Performance] InitializeOnLoad KuTySmokeTests                                                                                :        1 samples, Peak.   218 us (1.0x), Avg.   218 us, Total. 218.1 us (0.0%)
[Performance] InitializeOnLoad KuTyOfficeChairSetup                                                                          :        1 samples, Peak.   224 us (1.0x), Avg.   224 us, Total. 223.9 us (0.0%)
[Performance] InitializeOnLoad Scene3VillageComposition                                                                      :        1 samples, Peak.   580 us (1.0x), Avg.   580 us, Total. 580.3 us (0.0%)
[Performance] InitializeOnLoad ProbeGIBaking                                                                                 :        1 samples, Peak.  2.79 ms (1.0x), Avg.  2.79 ms, Total. 2.790 ms (0.0%)
[Performance] InitializeOnLoad FilterWindow                                                                                  :        1 samples, Peak.  44.0 us (1.0x), Avg.  44.0 us, Total. 44.00 us (0.0%)
[Performance] InitializeOnLoad RealtimeProbeSubdivisionDebug                                                                 :        1 samples, Peak.  1.62 ms (1.0x), Avg.  1.62 ms, Total. 1.618 ms (0.0%)
[Performance] InitializeOnLoad NodeClassCache                                                                                :        1 samples, Peak.  15.7 us (1.0x), Avg.  15.7 us, Total. 15.70 us (0.0%)
[Performance] InitializeOnLoad ShaderGraphMaterialsUpdater                                                                   :        2 samples, Peak.   577 us (1.8x), Avg.   330 us, Total. 659.1 us (0.0%)
[Performance] InitializeOnLoad PrefabLayoutRebuilder                                                                         :        1 samples, Peak.   337 us (1.0x), Avg.   337 us, Total. 337.3 us (0.0%)
[Performance] InitializeOnLoad BackgroundWatcher                                                                             :        1 samples, Peak.   183 us (1.0x), Avg.   183 us, Total. 182.6 us (0.0%)
[Performance] InitializeOnLoad UnityTestProtocolStarter                                                                      :        1 samples, Peak.   219 us (1.0x), Avg.   219 us, Total. 219.0 us (0.0%)
[Performance] InitializeOnLoad TestStarter                                                                                   :        1 samples, Peak.  1.50 ms (1.0x), Avg.  1.50 ms, Total. 1.504 ms (0.0%)
[Performance] InitializeOnLoad RerunCallbackInitializer                                                                      :        1 samples, Peak.  2.86 ms (1.0x), Avg.  2.86 ms, Total. 2.863 ms (0.0%)
[Performance] InitializeOnLoad Renderer2DAnalytics                                                                           :        1 samples, Peak.   129 us (1.0x), Avg.   129 us, Total. 129.2 us (0.0%)
[Performance] InitializeOnLoad EditorToolManager                                                                             :        1 samples, Peak.  2.94 ms (1.0x), Avg.  2.94 ms, Total. 2.944 ms (0.0%)
[Performance] InitializeOnLoad MaterialReimporter.RegisterUpgraderReimport                                                   :        2 samples, Peak.   545 us (1.8x), Avg.   307 us, Total. 615.0 us (0.0%)
[Performance] InitializeOnLoad TestJobDataHolder.ResumeRunningJobs                                                           :        1 samples, Peak.  2.19 ms (1.0x), Avg.  2.19 ms, Total. 2.195 ms (0.0%)
[Performance] InitializeOnLoad AnalyticsReporter.RegisterCallbacks                                                           :        1 samples, Peak.   605 us (1.0x), Avg.   605 us, Total. 605.2 us (0.0%)
[Performance] InitializeOnLoad DebugManagerWindowLifetimeAnalytic.SubscribeToDebugManagerOpenCloseWindows                    :        1 samples, Peak.   903 us (1.0x), Avg.   903 us, Total. 903.5 us (0.0%)
[Performance] InitializeOnLoad CoreRenderPipelinePreferences.InitPreferenceProviders                                         :        1 samples, Peak.  85.6 ms (1.0x), Avg.  85.6 ms, Total. 85.63 ms (0.7%)
[Performance] InitializeOnLoad VolumeGizmoDrawer.InitVolumeGizmoCallbacks                                                    :        1 samples, Peak.   980 us (1.0x), Avg.   980 us, Total. 979.7 us (0.0%)
[Performance] DidReloadScriptsTestRunnerWindow.CompilationCallback                                                           :        1 samples, Peak.   735 us (1.0x), Avg.   735 us, Total. 735.1 us (0.0%)
[Performance] DidReloadScriptsTestListCache.ScriptReloaded                                                                   :        1 samples, Peak.  1.30 ms (1.0x), Avg.  1.30 ms, Total. 1.298 ms (0.0%)
[Performance] DidReloadScriptsLookDev.OnEditorReload                                                                         :        1 samples, Peak.   196 us (1.0x), Avg.   196 us, Total. 196.3 us (0.0%)
[Performance] DidReloadScriptsDebugWindow.OnEditorReload                                                                     :        1 samples, Peak.  8.46 ms (1.0x), Avg.  8.46 ms, Total. 8.464 ms (0.1%)
[Performance] DidReloadScriptsVolumeComponentEditor.OnEditorReload                                                           :        1 samples, Peak.  16.6 ms (1.0x), Avg.  16.6 ms, Total. 16.58 ms (0.1%)
[Performance] DidReloadScriptsAdvancedDropdownWindow.OnScriptReload                                                          :        1 samples, Peak.   251 us (1.0x), Avg.   251 us, Total. 251.0 us (0.0%)
[Performance] AssetDatabase.ImportAssets                                                                                     :        3 samples, Peak.  2.60 us (2.2x), Avg.  1.20 us, Total. 3.600 us (0.0%)
[Performance] VersionControl.Task.Wait                                                                                       :        1 samples, Peak.  13.7 us (1.0x), Avg.  13.7 us, Total. 13.70 us (0.0%)
[Performance] TMPro_TexturePostProcessor.OnPostprocessAllAssets                                                              :        2 samples, Peak.   626 us (1.2x), Avg.   534 us, Total. 1.069 ms (0.0%)
[Performance] BuilderAssetPostprocessor.OnPostprocessAllAssets                                                               :        2 samples, Peak.  2.79 ms (1.0x), Avg.  2.78 ms, Total. 5.569 ms (0.0%)
[Performance] ArtifactBrowserPostProcessor.OnPostprocessAllAssets                                                            :        2 samples, Peak.   568 us (1.0x), Avg.   566 us, Total. 1.133 ms (0.0%)
[Performance] AssetEvents.OnPostprocessAllAssets                                                                             :        4 samples, Peak.   212 us (1.6x), Avg.   135 us, Total. 538.7 us (0.0%)
[Performance] AudioMixerPostprocessor.OnPostprocessAllAssets                                                                 :        2 samples, Peak.   268 us (1.0x), Avg.   267 us, Total. 534.5 us (0.0%)
[Performance] StyleCatalogPostProcessor.OnPostprocessAllAssets                                                               :        2 samples, Peak.  35.7 ms (1.0x), Avg.  35.7 ms, Total. 71.49 ms (0.5%)
[Performance] BuildCatalog                                                                                                   :        1 samples, Peak.  34.8 ms (1.0x), Avg.  34.8 ms, Total. 34.76 ms (0.3%)
[Performance] ModelImporterPostProcessor.OnPostprocessAllAssets                                                              :        2 samples, Peak.  10.8 ms (1.0x), Avg.  10.8 ms, Total. 21.68 ms (0.2%)
[Performance] MaterialPostprocessor.OnPostprocessAllAssets                                                                   :        4 samples, Peak.  1.95 ms (1.1x), Avg.  1.80 ms, Total. 7.184 ms (0.1%)
[Performance] UniversalRenderPipelineGlobalSettingsPostprocessor.OnPostprocessAllAssets                                      :        2 samples, Peak.  1.18 ms (1.0x), Avg.  1.18 ms, Total. 2.357 ms (0.0%)
[Performance] RetainedModeAssetPostprocessor.OnPostprocessAllAssets                                                          :        2 samples, Peak.  2.38 ms (1.0x), Avg.  2.38 ms, Total. 4.753 ms (0.0%)
[Performance] AssetChangedListener.OnPostprocessAllAssets                                                                    :        2 samples, Peak.  1.63 ms (1.0x), Avg.  1.63 ms, Total. 3.251 ms (0.0%)
[Performance] PostProcessor.OnPostprocessAllAssets                                                                           :        2 samples, Peak.   254 us (1.0x), Avg.   252 us, Total. 503.5 us (0.0%)
[Performance] ShaderGraphAssetPostProcessor.OnPostprocessAllAssets                                                           :        2 samples, Peak.  2.33 ms (1.0x), Avg.  2.33 ms, Total. 4.659 ms (0.0%)
[Performance] SpeedTreePostProcessor.OnPostprocessAllAssets                                                                  :        2 samples, Peak.   238 us (1.0x), Avg.   235 us, Total. 469.2 us (0.0%)
[Performance] TextAssetPostProcessor.OnPostprocessAllAssets                                                                  :        2 samples, Peak.   434 us (1.0x), Avg.   433 us, Total. 865.8 us (0.0%)
[Performance] SyncVS.PostprocessSyncProject                                                                                  :        1 samples, Peak.  1.87 ms (1.0x), Avg.  1.87 ms, Total. 1.870 ms (0.0%)
[Performance] EditorApplication.projectChanged: UnityEditor.Audio.MixerEffectDefinitionReloader.OnProjectChanged             :        1 samples, Peak.   356 us (1.0x), Avg.   356 us, Total. 356.4 us (0.0%)
[Performance] Application.ImportPackagesAndSetTemplateWhenCreatingProject                                                    :        1 samples, Peak.  14.2 ms (1.0x), Avg.  14.2 ms, Total. 14.18 ms (0.1%)
[Performance] Application.SyncCurrentColorSpace                                                                              :        1 samples, Peak.   148 ms (1.0x), Avg.   148 ms, Total. 147.6 ms (1.1%)
[Performance] Application.OnUsbDevicesChanged                                                                                :        1 samples, Peak.  1.48 ms (1.0x), Avg.  1.48 ms, Total. 1.475 ms (0.0%)
[Performance] Application.AssetInstanceCacheUpdate                                                                           :        1 samples, Peak.   600 ns (1.0x), Avg.   600 ns, Total. 600.0 ns (0.0%)
[Performance] Application.UnityExtensions.Initialize                                                                         :        1 samples, Peak.  2.70 ms (1.0x), Avg.  2.70 ms, Total. 2.695 ms (0.0%)
[Performance] CodeEditorProjectSync.SyncEditorProject                                                                        :        1 samples, Peak.   157 us (1.0x), Avg.   157 us, Total. 157.0 us (0.0%)
[Performance] Application.ExecuteStartups                                                                                    :        1 samples, Peak.  64.4 ms (1.0x), Avg.  64.4 ms, Total. 64.44 ms (0.5%)
[Performance] Menu.RegisterMenuInterface                                                                                     :       26 samples, Peak.   900 ns (4.9x), Avg.   185 ns, Total. 4.800 us (0.0%)
[Performance] Gizmo.RebuildRenderers                                                                                         :        1 samples, Peak.  63.0 ms (1.0x), Avg.  63.0 ms, Total. 62.98 ms (0.5%)
[Performance] Gizmo.AddGizmoRenderers                                                                                        :       54 samples, Peak.  2.66 ms (22.7x), Avg.   117 us, Total. 6.320 ms (0.0%)
[Performance] Application.editorInitializingProject                                                                          :        1 samples, Peak.   257 ms (1.0x), Avg.   257 ms, Total. 257.1 ms (2.0%)
[Performance] Application.InitializeMenu                                                                                     :        1 samples, Peak.   113 ms (1.0x), Avg.   113 ms, Total. 113.0 ms (0.9%)
[Performance] Menu.RebuildAll                                                                                                :        1 samples, Peak.   113 ms (1.0x), Avg.   113 ms, Total. 112.9 ms (0.9%)
[Performance] Menu.BuildRegisteredMenuInterfaces                                                                             :        1 samples, Peak.   110 ms (1.0x), Avg.   110 ms, Total. 110.3 ms (0.8%)
[Performance] Menu.FilterMenuItem                                                                                            :      697 samples, Peak.  56.2 ms (687.4x), Avg.  81.7 us, Total. 56.94 ms (0.4%)
[Performance] UpdateAllMenus                                                                                                 :        1 samples, Peak.   614 us (1.0x), Avg.   614 us, Total. 613.7 us (0.0%)
[Performance] Menu.RebuildOSMainMenu                                                                                         :        2 samples, Peak.  1.99 ms (1.1x), Avg.  1.79 ms, Total. 3.587 ms (0.0%)
[Performance] EditorSceneManager.sceneClosing: UnityEditor.SceneVisibilityManager.EditorSceneManagerOnSceneClosing           :        2 samples, Peak.   324 us (2.0x), Avg.   165 us, Total. 329.8 us (0.0%)
[Performance] GUIView.RepaintAll.PlayerLoopController                                                                        :        1 samples, Peak.  2.40 us (1.0x), Avg.  2.40 us, Total. 2.400 us (0.0%)
[Performance] EditorSceneManager.newSceneCreated: UnityEditor.SceneTemplate.SceneTemplateService.OnNewSceneCreated           :        1 samples, Peak.   457 us (1.0x), Avg.   457 us, Total. 456.6 us (0.0%)
[Performance] EditorSceneManager.newSceneCreated: UnityEditor.SceneVisibilityManager.EditorSceneManagerOnNewSceneCreated     :        1 samples, Peak.   372 us (1.0x), Avg.   372 us, Total. 372.3 us (0.0%)
[Performance] EditorSceneManager.newSceneCreated: UnityEditor.SceneManagement.StageNavigationManager.OnNewSceneCreated       :        1 samples, Peak.   138 us (1.0x), Avg.   138 us, Total. 137.7 us (0.0%)
[Performance] Application.InvokeFinishedLoadingProject                                                                       :        1 samples, Peak.  10.4 ms (1.0x), Avg.  10.4 ms, Total. 10.43 ms (0.1%)
[Performance] ProcessService.OnProjectLoaded                                                                                 :        1 samples, Peak.  99.7 us (1.0x), Avg.  99.7 us, Total. 99.70 us (0.0%)
[Performance] EditorSceneManager.sceneOpening: UnityEditor.SceneVisibilityManager.EditorSceneManagerOnSceneOpening           :        1 samples, Peak.   198 us (1.0x), Avg.   198 us, Total. 197.9 us (0.0%)
[Performance] Inspector.InitOrRebuild                                                                                        :        1 samples, Peak.   425 us (1.0x), Avg.   425 us, Total. 425.1 us (0.0%)
[Performance] EditorSceneManager.sceneOpened: UnityEditor.SceneTemplate.SceneTemplateService.OnSceneOpened                   :        1 samples, Peak.   357 us (1.0x), Avg.   357 us, Total. 357.4 us (0.0%)
[Performance] EditorSceneManager.sceneOpened: UnityEditor.SceneVisibilityManager.EditorSceneManagerOnSceneOpened             :        1 samples, Peak.   176 us (1.0x), Avg.   176 us, Total. 176.4 us (0.0%)
[Performance] EditorSceneManager.sceneOpened: UnityEditor.SceneManagement.StageNavigationManager.OnSceneOpened               :        1 samples, Peak.  45.5 us (1.0x), Avg.  45.5 us, Total. 45.50 us (0.0%)
[Performance] Application.Shutdown.SaveDefaultWindowPreferences                                                              :        1 samples, Peak.   115 us (1.0x), Avg.   115 us, Total. 114.8 us (0.0%)
[Performance] Application.Shutdown.SaveSceneManagerSetup                                                                     :        1 samples, Peak.   483 us (1.0x), Avg.   483 us, Total. 482.9 us (0.0%)
[Performance] Application.Shutdown.CleanupAllContainerWindows                                                                :        1 samples, Peak.  1000 ns (1.0x), Avg.  1000 ns, Total. 1000.0 ns (0.0%)
[Performance] EditorApplication.quitting: Unity.Burst.Editor.BurstLoader.OnEditorApplicationQuitting                         :        1 samples, Peak.  31.8 us (1.0x), Avg.  31.8 us, Total. 31.80 us (0.0%)
[Performance] EditorApplication.quitting: callback in UnityEditor.TextCore.Text.EditorEventCallbacks                         :        1 samples, Peak.  8.63 ms (1.0x), Avg.  8.63 ms, Total. 8.626 ms (0.1%)
[Performance] Application.Shutdown.PauseProfilerSession                                                                      :        1 samples, Peak.  38.7 us (1.0x), Avg.  38.7 us, Total. 38.70 us (0.0%)
[Performance] Application.Shutdown.PauseAssetImportWorkers                                                                   :        1 samples, Peak.   124 us (1.0x), Avg.   124 us, Total. 123.7 us (0.0%)
[Performance] Application.Shutdown.SaveAssets                                                                                :        1 samples, Peak.  12.0 ms (1.0x), Avg.  12.0 ms, Total. 12.00 ms (0.1%)
[Performance] BuilderAssetModificationProcessor.OnWillSaveAssets                                                             :        1 samples, Peak.   373 us (1.0x), Avg.   373 us, Total. 373.4 us (0.0%)
[Performance] TerrainModificationProcessor.OnWillSaveAssets                                                                  :        1 samples, Peak.   632 us (1.0x), Avg.   632 us, Total. 632.2 us (0.0%)
[Performance] Application.Shutdown.CleanupRenderPipeline                                                                     :        1 samples, Peak.  7.20 ms (1.0x), Avg.  7.20 ms, Total. 7.202 ms (0.1%)
[Performance] Application.Shutdown.StopPreloadManager                                                                        :        1 samples, Peak.  10.0 ms (1.0x), Avg.  10.0 ms, Total. 10.02 ms (0.1%)
[Performance] Application.Shutdown.DestroyWorld                                                                              :        1 samples, Peak.  17.0 ms (1.0x), Avg.  17.0 ms, Total. 17.03 ms (0.1%)
[Performance] Application.Shutdown.CleanupAfterLoad                                                                          :        1 samples, Peak.   121 ms (1.0x), Avg.   121 ms, Total. 121.1 ms (0.9%)
[Performance] Application.Shutdown.Progress                                                                                  :        1 samples, Peak.  22.5 us (1.0x), Avg.  22.5 us, Total. 22.50 us (0.0%)
[Performance] Application.Shutdown.GICleanupManagers                                                                         :        1 samples, Peak.   894 us (1.0x), Avg.   894 us, Total. 894.0 us (0.0%)
[Performance] Application.Shutdown.MenuCleanupClass                                                                          :        1 samples, Peak.   523 us (1.0x), Avg.   523 us, Total. 523.3 us (0.0%)
[Performance] Application.Shutdown.ADBSaveStateBeforeShutdown                                                                :        1 samples, Peak.  17.0 us (1.0x), Avg.  17.0 us, Total. 17.00 us (0.0%)
[Performance] Application.Shutdown.RemoteShutdown                                                                            :        1 samples, Peak.  1.90 us (1.0x), Avg.  1.90 us, Total. 1.900 us (0.0%)
[Performance] Application.Shutdown.CleanupVCProvider                                                                         :        1 samples, Peak.  26.7 us (1.0x), Avg.  26.7 us, Total. 26.70 us (0.0%)
[Performance] Application.Shutdown.InputShutdown                                                                             :        1 samples, Peak.  1.20 us (1.0x), Avg.  1.20 us, Total. 1.200 us (0.0%)
[Performance] Application.Shutdown.GizmoManagerDestroy                                                                       :        1 samples, Peak.  1.20 ms (1.0x), Avg.  1.20 ms, Total. 1.198 ms (0.0%)
[Performance] Application.Shutdown.ProfilerSession                                                                           :        1 samples, Peak.   338 us (1.0x), Avg.   338 us, Total. 337.7 us (0.0%)
[Performance] Application.Shutdown.ReleaseGfxWindowOnAllGUIViews                                                             :        1 samples, Peak.   700 ns (1.0x), Avg.   700 ns, Total. 700.0 ns (0.0%)
[Performance] Application.Shutdown.CleanupEngine                                                                             :        1 samples, Peak.   188 ms (1.0x), Avg.   188 ms, Total. 188.3 ms (1.4%)
[Performance] Application.Shutdown.CleanupAssetDatabase                                                                      :        1 samples, Peak.  12.3 ms (1.0x), Avg.  12.3 ms, Total. 12.29 ms (0.1%)
[Performance] Application.Shutdown.ScriptCompilationCleanUp                                                                  :        1 samples, Peak.  19.6 ms (1.0x), Avg.  19.6 ms, Total. 19.62 ms (0.2%)
[Performance] Application.Shutdown.DestroyJobSystem                                                                          :        1 samples, Peak.   210 us (1.0x), Avg.   210 us, Total. 210.0 us (0.0%)
[Performance] Application.Shutdown.CleanupPersistentManager                                                                  :        1 samples, Peak.   928 us (1.0x), Avg.   928 us, Total. 927.6 us (0.0%)
[Performance] Application.Shutdown.CleanupAsyncReadManager                                                                   :        1 samples, Peak.   623 us (1.0x), Avg.   623 us, Total. 622.5 us (0.0%)
[Performance] Application.Shutdown.CleanupProgressBar                                                                        :        1 samples, Peak.   300 ns (1.0x), Avg.   300 ns, Total. 300.0 ns (0.0%)
[Performance] Application.Shutdown.CleanupMono                                                                               :        1 samples, Peak.  83.8 ms (1.0x), Avg.  83.8 ms, Total. 83.83 ms (0.6%)
[Performance] Application.Shutdown.CleanupStdConverters                                                                      :        1 samples, Peak.  7.60 us (1.0x), Avg.  7.60 us, Total. 7.600 us (0.0%)
[Performance] Application.Shutdown.UnloadAllPlatformSupportModuleNativeDlls                                                  :        1 samples, Peak.   600 ns (1.0x), Avg.   600 ns, Total. 600.0 ns (0.0%)
[Performance] Application.Shutdown.UnloadAllPlatformSupportNativeLibraries                                                   :        1 samples, Peak.   100 ns (1.0x), Avg.   100 ns, Total. 100.0 ns (0.0%)
[Performance] Application.Shutdown.CleanupAutoDocumentation                                                                  :        1 samples, Peak.   388 us (1.0x), Avg.   388 us, Total. 387.7 us (0.0%)
[Performance] Application.Shutdown.ShaderNameManagerDestroy                                                                  :        1 samples, Peak.  95.1 us (1.0x), Avg.  95.1 us, Total. 95.10 us (0.0%)
[Performance] Application.Shutdown.CleanupCacheServer                                                                        :        1 samples, Peak. 100.0 ns (1.0x), Avg. 100.0 ns, Total. 100.00 ns (0.0%)
[Performance] Application.Shutdown.Virtualization_Shutdown                                                                   :        1 samples, Peak.   300 ns (1.0x), Avg.   300 ns, Total. 300.0 ns (0.0%)
[Performance] Application.Shutdown.DevConnections                                                                            :        1 samples, Peak.   186 us (1.0x), Avg.   186 us, Total. 186.3 us (0.0%)
Checking for leaked weakptr:
  Found no leaked weakptrs.
[Package Manager] Server::Kill -- Server was shutdown
Memory Statistics:
[ALLOC_TEMP_TLS] TLS Allocator
  StackAllocators : 
    [ALLOC_TEMP_CurlRequest]
      Initial Block Size 64.0 KB
      Current Block Size 64.0 KB
      Peak Allocated Bytes 0 B
      Overflow Count 0
    [ALLOC_TEMP_MAIN]
      Initial Block Size 16.0 MB
      Current Block Size 16.0 MB
      Peak Allocated Bytes 9.8 MB
      Overflow Count 0
    [ALLOC_TEMP_Background Job.Worker 8]
      Initial Block Size 32.0 KB
      Current Block Size 32.0 KB
      Peak Allocated Bytes 54 B
      Overflow Count 0
    [ALLOC_TEMP_Job.Worker 4]
      Initial Block Size 256.0 KB
      Current Block Size 256.0 KB
      Peak Allocated Bytes 7.4 KB
      Overflow Count 1
    [ALLOC_TEMP_AUDIO_FMOD mixer thread]
      Initial Block Size 64.0 KB
      Current Block Size 64.0 KB
      Peak Allocated Bytes 54 B
      Overflow Count 0
    [ALLOC_TEMP_BakingJobs.Worker 5]
      Initial Block Size 256.0 KB
      Current Block Size 256.0 KB
      Peak Allocated Bytes 54 B
      Overflow Count 0
    [ALLOC_TEMP_Background Job.Worker 11]
      Initial Block Size 32.0 KB
      Current Block Size 32.0 KB
      Peak Allocated Bytes 54 B
      Overflow Count 0
    [ALLOC_TEMP_Background Job.Worker 3]
      Initial Block Size 32.0 KB
      Current Block Size 32.0 KB
      Peak Allocated Bytes 54 B
      Overflow Count 0
    [ALLOC_TEMP_BatchDeleteObjects]
      Initial Block Size 64.0 KB
      Current Block Size 64.0 KB
      Peak Allocated Bytes 54 B
      Overflow Count 0
    [ALLOC_TEMP_CoreBusinessMetricsCache]
      Initial Block Size 64.0 KB
      Current Block Size 64.0 KB
      Peak Allocated Bytes 8.0 KB
      Overflow Count 0
    [ALLOC_TEMP_REST Message Handler]
      Initial Block Size 64.0 KB
      Current Block Size 64.0 KB
      Peak Allocated Bytes 54 B
      Overflow Count 0
    [ALLOC_TEMP_AssetDatabase.IOService]
      Initial Block Size 64.0 KB
      Current Block Size 64.0 KB
      Peak Allocated Bytes 54 B
      Overflow Count 0
    [ALLOC_TEMP_Background Job.Worker 2]
      Initial Block Size 32.0 KB
      Current Block Size 32.0 KB
      Peak Allocated Bytes 66 B
      Overflow Count 0
    [ALLOC_TEMP_Job.Worker 10]
      Initial Block Size 256.0 KB
      Current Block Size 1.6 MB
      Peak Allocated Bytes 1.6 MB
      Overflow Count 0
    [ALLOC_TEMP_Loading.PreloadManager]
      Initial Block Size 32.0 MB
      Current Block Size 32.0 MB
      Peak Allocated Bytes 6.8 MB
      Overflow Count 0
    [ALLOC_TEMP_Profiler.Dispatcher]
      Initial Block Size 64.0 KB
      Current Block Size 64.0 KB
      Peak Allocated Bytes 0 B
      Overflow Count 0
    [ALLOC_TEMP_Job.Worker 3]
      Initial Block Size 256.0 KB
      Current Block Size 1.6 MB
      Peak Allocated Bytes 1.6 MB
      Overflow Count 0
    [ALLOC_TEMP_BakingJobs.Worker 7]
      Initial Block Size 256.0 KB
      Current Block Size 256.0 KB
      Peak Allocated Bytes 54 B
      Overflow Count 0
    [ALLOC_TEMP_Background Job.Worker 5]
      Initial Block Size 32.0 KB
      Current Block Size 32.0 KB
      Peak Allocated Bytes 54 B
      Overflow Count 0
    [ALLOC_TEMP_Background Job.Worker 13]
      Initial Block Size 32.0 KB
      Current Block Size 32.0 KB
      Peak Allocated Bytes 54 B
      Overflow Count 0
    [ALLOC_TEMP_Job.Worker 2]
      Initial Block Size 256.0 KB
      Current Block Size 1.0 MB
      Peak Allocated Bytes 1.0 MB
      Overflow Count 1
    [ALLOC_TEMP_BakingJobs.Worker 6]
      Initial Block Size 256.0 KB
      Current Block Size 256.0 KB
      Peak Allocated Bytes 54 B
      Overflow Count 0
    [ALLOC_TEMP_Job.Worker 0]
      Initial Block Size 256.0 KB
      Current Block Size 1.0 MB
      Peak Allocated Bytes 1.0 MB
      Overflow Count 1
    [ALLOC_TEMP_Background Job.Worker 9]
      Initial Block Size 32.0 KB
      Current Block Size 32.0 KB
      Peak Allocated Bytes 54 B
      Overflow Count 0
    [ALLOC_TEMP_Job.Worker 5]
      Initial Block Size 256.0 KB
      Current Block Size 1.6 MB
      Peak Allocated Bytes 1.6 MB
      Overflow Count 1
    [ALLOC_TEMP_Job.Worker 6]
      Initial Block Size 256.0 KB
      Current Block Size 1.0 MB
      Peak Allocated Bytes 1.0 MB
      Overflow Count 0
    [ALLOC_TEMP_EnlightenWorker] x 12
      Initial Block Size 64.0 KB
      Current Block Size 64.0 KB
      Peak Allocated Bytes 54 B
      Overflow Count 0
    [ALLOC_TEMP_DirMonitor]
      Initial Block Size 64.0 KB
      Current Block Size 64.0 KB
      Peak Allocated Bytes 1.0 KB
      Overflow Count 0
    [ALLOC_TEMP_Job.Worker 9]
      Initial Block Size 256.0 KB
      Current Block Size 1.0 MB
      Peak Allocated Bytes 1.0 MB
      Overflow Count 1
    [ALLOC_TEMP_BakingJobs.Worker 1]
      Initial Block Size 256.0 KB
      Current Block Size 256.0 KB
      Peak Allocated Bytes 54 B
      Overflow Count 0
    [ALLOC_TEMP_Loading.AsyncRead]
      Initial Block Size 64.0 KB
      Current Block Size 64.0 KB
      Peak Allocated Bytes 464 B
      Overflow Count 0
    [ALLOC_TEMP_Background Job.Worker 10]
      Initial Block Size 32.0 KB
      Current Block Size 32.0 KB
      Peak Allocated Bytes 54 B
      Overflow Count 0
    [ALLOC_TEMP_Background Job.Worker 6]
      Initial Block Size 32.0 KB
      Current Block Size 32.0 KB
      Peak Allocated Bytes 54 B
      Overflow Count 0
    [ALLOC_TEMP_AUDIO_FMOD (WASAPI) feeder thread]
      Initial Block Size 64.0 KB
      Current Block Size 64.0 KB
      Peak Allocated Bytes 168 B
      Overflow Count 0
    [ALLOC_TEMP_Background Job.Worker 1]
      Initial Block Size 32.0 KB
      Current Block Size 196.0 KB
      Peak Allocated Bytes 121.5 KB
      Overflow Count 0
    [ALLOC_TEMP_AUDIO_FMOD stream thread]
      Initial Block Size 64.0 KB
      Current Block Size 64.0 KB
      Peak Allocated Bytes 54 B
      Overflow Count 0
    [ALLOC_TEMP_BakingJobs.Worker 2]
      Initial Block Size 256.0 KB
      Current Block Size 256.0 KB
      Peak Allocated Bytes 54 B
      Overflow Count 0
    [ALLOC_TEMP_Background Job.Worker 7]
      Initial Block Size 32.0 KB
      Current Block Size 32.0 KB
      Peak Allocated Bytes 54 B
      Overflow Count 0
    [ALLOC_TEMP_Job.Worker 8]
      Initial Block Size 256.0 KB
      Current Block Size 1.6 MB
      Peak Allocated Bytes 1.6 MB
      Overflow Count 0
    [ALLOC_TEMP_Job.Worker 1]
      Initial Block Size 256.0 KB
      Current Block Size 1.6 MB
      Peak Allocated Bytes 1.6 MB
      Overflow Count 0
    [ALLOC_TEMP_BakingJobs.Worker 0]
      Initial Block Size 256.0 KB
      Current Block Size 256.0 KB
      Peak Allocated Bytes 54 B
      Overflow Count 0
    [ALLOC_TEMP_BakingJobs.Worker 3]
      Initial Block Size 256.0 KB
      Current Block Size 256.0 KB
      Peak Allocated Bytes 54 B
      Overflow Count 0
    [ALLOC_TEMP_EditorTaskManager]
      Initial Block Size 64.0 KB
      Current Block Size 68.0 KB
      Peak Allocated Bytes 64.0 KB
      Overflow Count 0
    [ALLOC_TEMP_Background Job.Worker 15]
      Initial Block Size 32.0 KB
      Current Block Size 32.0 KB
      Peak Allocated Bytes 54 B
      Overflow Count 0
    [ALLOC_TEMP_BakingJobs.Worker 4]
      Initial Block Size 256.0 KB
      Current Block Size 256.0 KB
      Peak Allocated Bytes 54 B
      Overflow Count 0
    [ALLOC_TEMP_Background Job.Worker 12]
      Initial Block Size 32.0 KB
      Current Block Size 32.0 KB
      Peak Allocated Bytes 54 B
      Overflow Count 0
    [ALLOC_TEMP_HTTP REST Server]
      Initial Block Size 64.0 KB
      Current Block Size 64.0 KB
      Peak Allocated Bytes 152 B
      Overflow Count 0
    [ALLOC_TEMP_AssetGarbageCollectorHelper] x 11
      Initial Block Size 64.0 KB
      Current Block Size 64.0 KB
      Peak Allocated Bytes 0 B
      Overflow Count 0
    [ALLOC_TEMP_Background Job.Worker 0]
      Initial Block Size 32.0 KB
      Current Block Size 32.0 KB
      Peak Allocated Bytes 54 B
      Overflow Count 0
    [ALLOC_TEMP_Background Job.Worker 4]
      Initial Block Size 32.0 KB
      Current Block Size 32.0 KB
      Peak Allocated Bytes 54 B
      Overflow Count 0
    [ALLOC_TEMP_Background Job.Worker 14]
      Initial Block Size 32.0 KB
      Current Block Size 32.0 KB
      Peak Allocated Bytes 54 B
      Overflow Count 0
    [ALLOC_TEMP_Job.Worker 7]
      Initial Block Size 256.0 KB
      Current Block Size 1.0 MB
      Peak Allocated Bytes 1.0 MB
      Overflow Count 0
    [ALLOC_TEMP_CloudJob.Worker 0]
      Initial Block Size 32.0 KB
      Current Block Size 32.0 KB
      Peak Allocated Bytes 4.0 KB
      Overflow Count 0
[ALLOC_MEMORYPROFILER]
  Requested Block Size 1.0 MB
  Peak Block count 1
  Peak Allocated memory 0.6 MB
  Peak Large allocation bytes 0 B
[ALLOC_DEFAULT] Dual Thread Allocator
  Peak main deferred allocation count 3155
    [ALLOC_BUCKET]
      Large Block size 32.0 MB
      Used Block count 1
      Peak Allocated bytes 10.2 MB
    [ALLOC_DEFAULT_MAIN]
      Requested Block Size 16.0 MB
      Peak Block count 5
      Peak Allocated memory 73.9 MB
      Peak Large allocation bytes 0 B
    [ALLOC_DEFAULT_THREAD]
      Requested Block Size 16.0 MB
      Peak Block count 1
      Peak Allocated memory 6.0 MB
      Peak Large allocation bytes 0 B
[ALLOC_TEMP_JOB_1_FRAME]
  Initial Block Size 2.0 MB
  Used Block Count 0
  Overflow Count (too large) 0
  Overflow Count (full) 0
[ALLOC_TEMP_JOB_2_FRAMES]
  Initial Block Size 2.0 MB
  Used Block Count 0
  Overflow Count (too large) 0
  Overflow Count (full) 0
[ALLOC_TEMP_JOB_4_FRAMES (JobTemp)]
  Initial Block Size 2.0 MB
  Used Block Count 1
  Overflow Count (too large) 0
  Overflow Count (full) 0
[ALLOC_TEMP_JOB_ASYNC (Background)]
  Initial Block Size 1.0 MB
  Used Block Count 1
  Overflow Count (too large) 0
  Overflow Count (full) 0
[ALLOC_GFX] Dual Thread Allocator
  Peak main deferred allocation count 0
    [ALLOC_BUCKET]
      Large Block size 32.0 MB
      Used Block count 1
      Peak Allocated bytes 10.2 MB
    [ALLOC_GFX_MAIN]
      Requested Block Size 16.0 MB
      Peak Block count 4
      Peak Allocated memory 57.3 MB
      Peak Large allocation bytes 0 B
    [ALLOC_GFX_THREAD]
      Requested Block Size 16.0 MB
      Peak Block count 1
      Peak Allocated memory 3.1 MB
      Peak Large allocation bytes 0 B
[ALLOC_CACHEOBJECTS] Dual Thread Allocator
  Peak main deferred allocation count 231
    [ALLOC_BUCKET]
      Large Block size 32.0 MB
      Used Block count 1
      Peak Allocated bytes 10.2 MB
    [ALLOC_CACHEOBJECTS_MAIN]
      Requested Block Size 4.0 MB
      Peak Block count 13
      Peak Allocated memory 36.7 MB
      Peak Large allocation bytes 10.7 MB
    [ALLOC_CACHEOBJECTS_THREAD]
      Requested Block Size 4.0 MB
      Peak Block count 3
      Peak Allocated memory 7.9 MB
      Peak Large allocation bytes 0 B
[ALLOC_TYPETREE] Dual Thread Allocator
  Peak main deferred allocation count 550
    [ALLOC_BUCKET]
      Large Block size 32.0 MB
      Used Block count 1
      Peak Allocated bytes 10.2 MB
    [ALLOC_TYPETREE_MAIN]
      Requested Block Size 2.0 MB
      Peak Block count 8
      Peak Allocated memory 13.6 MB
      Peak Large allocation bytes 0 B
    [ALLOC_TYPETREE_THREAD]
      Requested Block Size 2.0 MB
      Peak Block count 1
      Peak Allocated memory 241.9 KB
      Peak Large allocation bytes 0 B
[ALLOC_PROFILER]
  Requested Block Size 16.0 MB
  Peak Block count 1
  Peak Allocated memory 0.5 MB
  Peak Large allocation bytes 0 B
    [ALLOC_PROFILER_BUCKET]
      Large Block size 32.0 MB
      Used Block count 1
      Peak Allocated bytes 11.2 KB
[ALLOC_PROFILER_EDITOR]
  Requested Block Size 1.0 MB
  Peak Block count 0
  Peak Allocated memory 0 B
  Peak Large allocation bytes 0 B
    [ALLOC_PROFILER_BUCKET]
      Large Block size 32.0 MB
      Used Block count 1
      Peak Allocated bytes 11.2 KB
##utp:{"type":"MemoryLeaks","version":2,"phase":"Immediate","time":1791533045412,"processId":20848,"allocatedMemory":15487090,"memoryLabels":[{"Default":20335},{"Permanent":15615},{"NewDelete":80656},{"Thread":4229188},{"Manager":31189},{"VertexData":780},{"Geometry":560},{"Texture":176},{"Shader":68850},{"Material":24},{"GfxDevice":57608},{"Animation":296},{"Audio":3928},{"FontEngine":272},{"Physics":513},{"Serialization":948},{"Input":14744},{"JobScheduler":36752},{"Mono":40},{"ScriptingNativeRuntime":191848},{"BaseObject":1627276},{"Resource":1360},{"Renderer":2304},{"Transform":16},{"File":3817},{"WebCam":96},{"Culling":40},{"Terrain":1137},{"Wind":24},{"STL":48},{"String":17063},{"DynamicArray":72333},{"HashMap":108271},{"Utility":2662722},{"Curl":1424},{"PoolAlloc":1728},{"AI":104},{"TypeTree":5077},{"ScriptManager":640},{"RuntimeInitializeOnLoadManager":80},{"SpriteAtlas":128},{"GI":4072},{"Director":7960},{"CloudService":1360},{"WebRequest":688},{"VR":46081},{"SceneManager":568},{"Video":72},{"LazyScriptCache":40},{"NativeArray":12},{"Camera":25},{"Secure":1},{"SerializationCache":1584},{"APIUpdating":11872},{"Subsystems":392},{"VirtualTexturing":57896},{"StaticSafetyDebugInfo":327680},{"EditorGui":56},{"EditorUtility":52525},{"VersionControl":4},{"Undo":704},{"AssetDatabase":5664924},{"RestService":1414},{"EditorGi":376},{"License":3584},{"UnityConnect":25320},{"Collab":593},{"Upm":2032},{"DrivenProperties":96},{"LocalIPC":276},{"ProfilerEditor":10943},{"CoreBusinessMetrics":3850},{"AssetReference":40},{"IPCStream":40}]}
